Archive member included to satisfy reference by file (symbol)

c:/st/stm32cubeide_1.9.0/stm32cubeide/plugins/com.st.stm32cube.ide.mcu.externaltools.gnu-tools-for-stm32.10.3-2021.10.win32_1.0.0.202111181127/tools/bin/../lib/gcc/arm-none-eabi/10.3.1/../../../../arm-none-eabi/lib/thumb/v7e-m+fp/hard\libc_nano.a(lib_a-errno.o)
                              ./Core/Src/syscalls.o (__errno)
c:/st/stm32cubeide_1.9.0/stm32cubeide/plugins/com.st.stm32cube.ide.mcu.externaltools.gnu-tools-for-stm32.10.3-2021.10.win32_1.0.0.202111181127/tools/bin/../lib/gcc/arm-none-eabi/10.3.1/../../../../arm-none-eabi/lib/thumb/v7e-m+fp/hard\libc_nano.a(lib_a-exit.o)
                              c:/st/stm32cubeide_1.9.0/stm32cubeide/plugins/com.st.stm32cube.ide.mcu.externaltools.gnu-tools-for-stm32.10.3-2021.10.win32_1.0.0.202111181127/tools/bin/../lib/gcc/arm-none-eabi/10.3.1/../../../../arm-none-eabi/lib/thumb/v7e-m+fp/hard/crt0.o (exit)
c:/st/stm32cubeide_1.9.0/stm32cubeide/plugins/com.st.stm32cube.ide.mcu.externaltools.gnu-tools-for-stm32.10.3-2021.10.win32_1.0.0.202111181127/tools/bin/../lib/gcc/arm-none-eabi/10.3.1/../../../../arm-none-eabi/lib/thumb/v7e-m+fp/hard\libc_nano.a(lib_a-impure.o)
                              c:/st/stm32cubeide_1.9.0/stm32cubeide/plugins/com.st.stm32cube.ide.mcu.externaltools.gnu-tools-for-stm32.10.3-2021.10.win32_1.0.0.202111181127/tools/bin/../lib/gcc/arm-none-eabi/10.3.1/../../../../arm-none-eabi/lib/thumb/v7e-m+fp/hard\libc_nano.a(lib_a-exit.o) (_global_impure_ptr)
c:/st/stm32cubeide_1.9.0/stm32cubeide/plugins/com.st.stm32cube.ide.mcu.externaltools.gnu-tools-for-stm32.10.3-2021.10.win32_1.0.0.202111181127/tools/bin/../lib/gcc/arm-none-eabi/10.3.1/../../../../arm-none-eabi/lib/thumb/v7e-m+fp/hard\libc_nano.a(lib_a-init.o)
                              c:/st/stm32cubeide_1.9.0/stm32cubeide/plugins/com.st.stm32cube.ide.mcu.externaltools.gnu-tools-for-stm32.10.3-2021.10.win32_1.0.0.202111181127/tools/bin/../lib/gcc/arm-none-eabi/10.3.1/../../../../arm-none-eabi/lib/thumb/v7e-m+fp/hard/crt0.o (__libc_init_array)
c:/st/stm32cubeide_1.9.0/stm32cubeide/plugins/com.st.stm32cube.ide.mcu.externaltools.gnu-tools-for-stm32.10.3-2021.10.win32_1.0.0.202111181127/tools/bin/../lib/gcc/arm-none-eabi/10.3.1/../../../../arm-none-eabi/lib/thumb/v7e-m+fp/hard\libc_nano.a(lib_a-memset.o)
                              c:/st/stm32cubeide_1.9.0/stm32cubeide/plugins/com.st.stm32cube.ide.mcu.externaltools.gnu-tools-for-stm32.10.3-2021.10.win32_1.0.0.202111181127/tools/bin/../lib/gcc/arm-none-eabi/10.3.1/../../../../arm-none-eabi/lib/thumb/v7e-m+fp/hard/crt0.o (memset)
c:/st/stm32cubeide_1.9.0/stm32cubeide/plugins/com.st.stm32cube.ide.mcu.externaltools.gnu-tools-for-stm32.10.3-2021.10.win32_1.0.0.202111181127/tools/bin/../lib/gcc/arm-none-eabi/10.3.1/thumb/v7e-m+fp/hard\libgcc.a(_aeabi_uldivmod.o)
                              ./Drivers/STM32F4xx_HAL_Driver/Src/stm32f4xx_hal_rcc.o (__aeabi_uldivmod)
c:/st/stm32cubeide_1.9.0/stm32cubeide/plugins/com.st.stm32cube.ide.mcu.externaltools.gnu-tools-for-stm32.10.3-2021.10.win32_1.0.0.202111181127/tools/bin/../lib/gcc/arm-none-eabi/10.3.1/thumb/v7e-m+fp/hard\libgcc.a(_udivmoddi4.o)
                              c:/st/stm32cubeide_1.9.0/stm32cubeide/plugins/com.st.stm32cube.ide.mcu.externaltools.gnu-tools-for-stm32.10.3-2021.10.win32_1.0.0.202111181127/tools/bin/../lib/gcc/arm-none-eabi/10.3.1/thumb/v7e-m+fp/hard\libgcc.a(_aeabi_uldivmod.o) (__udivmoddi4)
c:/st/stm32cubeide_1.9.0/stm32cubeide/plugins/com.st.stm32cube.ide.mcu.externaltools.gnu-tools-for-stm32.10.3-2021.10.win32_1.0.0.202111181127/tools/bin/../lib/gcc/arm-none-eabi/10.3.1/thumb/v7e-m+fp/hard\libgcc.a(_dvmd_tls.o)
                              c:/st/stm32cubeide_1.9.0/stm32cubeide/plugins/com.st.stm32cube.ide.mcu.externaltools.gnu-tools-for-stm32.10.3-2021.10.win32_1.0.0.202111181127/tools/bin/../lib/gcc/arm-none-eabi/10.3.1/thumb/v7e-m+fp/hard\libgcc.a(_aeabi_uldivmod.o) (__aeabi_ldiv0)

Discarded input sections

 .text          0x0000000000000000        0x0 c:/st/stm32cubeide_1.9.0/stm32cubeide/plugins/com.st.stm32cube.ide.mcu.externaltools.gnu-tools-for-stm32.10.3-2021.10.win32_1.0.0.202111181127/tools/bin/../lib/gcc/arm-none-eabi/10.3.1/thumb/v7e-m+fp/hard/crti.o
 .data          0x0000000000000000        0x0 c:/st/stm32cubeide_1.9.0/stm32cubeide/plugins/com.st.stm32cube.ide.mcu.externaltools.gnu-tools-for-stm32.10.3-2021.10.win32_1.0.0.202111181127/tools/bin/../lib/gcc/arm-none-eabi/10.3.1/thumb/v7e-m+fp/hard/crti.o
 .bss           0x0000000000000000        0x0 c:/st/stm32cubeide_1.9.0/stm32cubeide/plugins/com.st.stm32cube.ide.mcu.externaltools.gnu-tools-for-stm32.10.3-2021.10.win32_1.0.0.202111181127/tools/bin/../lib/gcc/arm-none-eabi/10.3.1/thumb/v7e-m+fp/hard/crti.o
[...]
Memory Configuration

Name             Origin             Length             Attributes
RAM              0x0000000020000000 0x0000000000010000 xrw
FLASH            0x0000000008000000 0x0000000000040000 xr
*default*        0x0000000000000000 0xffffffffffffffff

Linker script and memory map

LOAD c:/st/stm32cubeide_1.9.0/stm32cubeide/plugins/com.st.stm32cube.ide.mcu.externaltools.gnu-tools-for-stm32.10.3-2021.10.win32_1.0.0.202111181127/tools/bin/../lib/gcc/arm-none-eabi/10.3.1/thumb/v7e-m+fp/hard/crti.o
LOAD c:/st/stm32cubeide_1.9.0/stm32cubeide/plugins/com.st.stm32cube.ide.mcu.externaltools.gnu-tools-for-stm32.10.3-2021.10.win32_1.0.0.202111181127/tools/bin/../lib/gcc/arm-none-eabi/10.3.1/thumb/v7e-m+fp/hard/crtbegin.o
LOAD c:/st/stm32cubeide_1.9.0/stm32cubeide/plugins/com.st.stm32cube.ide.mcu.externaltools.gnu-tools-for-stm32.10.3-2021.10.win32_1.0.0.202111181127/tools/bin/../lib/gcc/arm-none-eabi/10.3.1/../../../../arm-none-eabi/lib/thumb/v7e-m+fp/hard/crt0.o
LOAD ./Core/Src/main.o
LOAD ./Core/Src/stm32f4xx_hal_msp.o
LOAD ./Core/Src/stm32f4xx_it.o
LOAD ./Core/Src/supperListList.o
LOAD ./Core/Src/syscalls.o
LOAD ./Core/Src/sysmem.o
LOAD ./Core/Src/system_stm32f4xx.o
LOAD ./Core/Startup/startup_stm32f401ccux.o
LOAD ./Drivers/STM32F4xx_HAL_Driver/Src/stm32f4xx_hal.o
LOAD ./Drivers/STM32F4xx_HAL_Driver/Src/stm32f4xx_hal_adc.o
LOAD ./Drivers/STM32F4xx_HAL_Driver/Src/stm32f4xx_hal_adc_ex.o
LOAD ./Drivers/STM32F4xx_HAL_Driver/Src/stm32f4xx_hal_cortex.o
LOAD ./Drivers/STM32F4xx_HAL_Driver/Src/stm32f4xx_hal_dma.o
LOAD ./Drivers/STM32F4xx_HAL_Driver/Src/stm32f4xx_hal_dma_ex.o
LOAD ./Drivers/STM32F4xx_HAL_Driver/Src/stm32f4xx_hal_exti.o
LOAD ./Drivers/STM32F4xx_HAL_Driver/Src/stm32f4xx_hal_flash.o
LOAD ./Drivers/STM32F4xx_HAL_Driver/Src/stm32f4xx_hal_flash_ex.o
LOAD ./Drivers/STM32F4xx_HAL_Driver/Src/stm32f4xx_hal_flash_ramfunc.o
LOAD ./Drivers/STM32F4xx_HAL_Driver/Src/stm32f4xx_hal_gpio.o
LOAD ./Drivers/STM32F4xx_HAL_Driver/Src/stm32f4xx_hal_i2c.o
LOAD ./Drivers/STM32F4xx_HAL_Driver/Src/stm32f4xx_hal_i2c_ex.o
LOAD ./Drivers/STM32F4xx_HAL_Driver/Src/stm32f4xx_hal_pwr.o
LOAD ./Drivers/STM32F4xx_HAL_Driver/Src/stm32f4xx_hal_pwr_ex.o
LOAD ./Drivers/STM32F4xx_HAL_Driver/Src/stm32f4xx_hal_rcc.o
LOAD ./Drivers/STM32F4xx_HAL_Driver/Src/stm32f4xx_hal_rcc_ex.o
LOAD ./Drivers/STM32F4xx_HAL_Driver/Src/stm32f4xx_hal_spi.o
LOAD ./Drivers/STM32F4xx_HAL_Driver/Src/stm32f4xx_hal_tim.o
LOAD ./Drivers/STM32F4xx_HAL_Driver/Src/stm32f4xx_hal_tim_ex.o
LOAD ./Drivers/STM32F4xx_HAL_Driver/Src/stm32f4xx_hal_uart.o
LOAD ./Drivers/STM32F4xx_HAL_Driver/Src/stm32f4xx_ll_adc.o
START GROUP
LOAD c:/st/stm32cubeide_1.9.0/stm32cubeide/plugins/com.st.stm32cube.ide.mcu.externaltools.gnu-tools-for-stm32.10.3-2021.10.win32_1.0.0.202111181127/tools/bin/../lib/gcc/arm-none-eabi/10.3.1/../../../../arm-none-eabi/lib/thumb/v7e-m+fp/hard\libc_nano.a
LOAD c:/st/stm32cubeide_1.9.0/stm32cubeide/plugins/com.st.stm32cube.ide.mcu.externaltools.gnu-tools-for-stm32.10.3-2021.10.win32_1.0.0.202111181127/tools/bin/../lib/gcc/arm-none-eabi/10.3.1/../../../../arm-none-eabi/lib/thumb/v7e-m+fp/hard\libm.a
END GROUP
START GROUP
LOAD c:/st/stm32cubeide_1.9.0/stm32cubeide/plugins/com.st.stm32cube.ide.mcu.externaltools.gnu-tools-for-stm32.10.3-2021.10.win32_1.0.0.202111181127/tools/bin/../lib/gcc/arm-none-eabi/10.3.1/thumb/v7e-m+fp/hard\libgcc.a
LOAD c:/st/stm32cubeide_1.9.0/stm32cubeide/plugins/com.st.stm32cube.ide.mcu.externaltools.gnu-tools-for-stm32.10.3-2021.10.win32_1.0.0.202111181127/tools/bin/../lib/gcc/arm-none-eabi/10.3.1/../../../../arm-none-eabi/lib/thumb/v7e-m+fp/hard\libc_nano.a
END GROUP
START GROUP
LOAD c:/st/stm32cubeide_1.9.0/stm32cubeide/plugins/com.st.stm32cube.ide.mcu.externaltools.gnu-tools-for-stm32.10.3-2021.10.win32_1.0.0.202111181127/tools/bin/../lib/gcc/arm-none-eabi/10.3.1/thumb/v7e-m+fp/hard\libgcc.a
LOAD c:/st/stm32cubeide_1.9.0/stm32cubeide/plugins/com.st.stm32cube.ide.mcu.externaltools.gnu-tools-for-stm32.10.3-2021.10.win32_1.0.0.202111181127/tools/bin/../lib/gcc/arm-none-eabi/10.3.1/../../../../arm-none-eabi/lib/thumb/v7e-m+fp/hard\libc_nano.a
LOAD c:/st/stm32cubeide_1.9.0/stm32cubeide/plugins/com.st.stm32cube.ide.mcu.externaltools.gnu-tools-for-stm32.10.3-2021.10.win32_1.0.0.202111181127/tools/bin/../lib/gcc/arm-none-eabi/10.3.1/../../../../arm-none-eabi/lib/thumb/v7e-m+fp/hard\libnosys.a
END GROUP
START GROUP
LOAD c:/st/stm32cubeide_1.9.0/stm32cubeide/plugins/com.st.stm32cube.ide.mcu.externaltools.gnu-tools-for-stm32.10.3-2021.10.win32_1.0.0.202111181127/tools/bin/../lib/gcc/arm-none-eabi/10.3.1/thumb/v7e-m+fp/hard\libgcc.a
LOAD c:/st/stm32cubeide_1.9.0/stm32cubeide/plugins/com.st.stm32cube.ide.mcu.externaltools.gnu-tools-for-stm32.10.3-2021.10.win32_1.0.0.202111181127/tools/bin/../lib/gcc/arm-none-eabi/10.3.1/../../../../arm-none-eabi/lib/thumb/v7e-m+fp/hard\libc_nano.a
LOAD c:/st/stm32cubeide_1.9.0/stm32cubeide/plugins/com.st.stm32cube.ide.mcu.externaltools.gnu-tools-for-stm32.10.3-2021.10.win32_1.0.0.202111181127/tools/bin/../lib/gcc/arm-none-eabi/10.3.1/../../../../arm-none-eabi/lib/thumb/v7e-m+fp/hard\libnosys.a
END GROUP
LOAD c:/st/stm32cubeide_1.9.0/stm32cubeide/plugins/com.st.stm32cube.ide.mcu.externaltools.gnu-tools-for-stm32.10.3-2021.10.win32_1.0.0.202111181127/tools/bin/../lib/gcc/arm-none-eabi/10.3.1/thumb/v7e-m+fp/hard/crtend.o
LOAD c:/st/stm32cubeide_1.9.0/stm32cubeide/plugins/com.st.stm32cube.ide.mcu.externaltools.gnu-tools-for-stm32.10.3-2021.10.win32_1.0.0.202111181127/tools/bin/../lib/gcc/arm-none-eabi/10.3.1/thumb/v7e-m+fp/hard/crtn.o
                0x0000000020010000                _estack = (ORIGIN (RAM) + LENGTH (RAM))
                0x0000000000000200                _Min_Heap_Size = 0x200
                0x0000000000000400                _Min_Stack_Size = 0x400

.isr_vector     0x0000000008000000      0x194
                0x0000000008000000                . = ALIGN (0x4)
 *(.isr_vector)
 .isr_vector    0x0000000008000000      0x194 ./Core/Startup/startup_stm32f401ccux.o
                0x0000000008000000                g_pfnVectors
                0x0000000008000194                . = ALIGN (0x4)

.text           0x0000000008000194     0x3d94
                0x0000000008000194                . = ALIGN (0x4)
 *(.text)
 .text          0x0000000008000194       0x40 c:/st/stm32cubeide_1.9.0/stm32cubeide/plugins/com.st.stm32cube.ide.mcu.externaltools.gnu-tools-for-stm32.10.3-2021.10.win32_1.0.0.202111181127/tools/bin/../lib/gcc/arm-none-eabi/10.3.1/thumb/v7e-m+fp/hard/crtbegin.o
 .text          0x00000000080001d4       0x30 c:/st/stm32cubeide_1.9.0/stm32cubeide/plugins/com.st.stm32cube.ide.mcu.externaltools.gnu-tools-for-stm32.10.3-2021.10.win32_1.0.0.202111181127/tools/bin/../lib/gcc/arm-none-eabi/10.3.1/thumb/v7e-m+fp/hard\libgcc.a(_aeabi_uldivmod.o)
                0x00000000080001d4                __aeabi_uldivmod
 .text          0x0000000008000204      0x2d0 c:/st/stm32cubeide_1.9.0/stm32cubeide/plugins/com.st.stm32cube.ide.mcu.externaltools.gnu-tools-for-stm32.10.3-2021.10.win32_1.0.0.202111181127/tools/bin/../lib/gcc/arm-none-eabi/10.3.1/thumb/v7e-m+fp/hard\libgcc.a(_udivmoddi4.o)
                0x0000000008000204                __udivmoddi4
 .text          0x00000000080004d4        0x4 c:/st/stm32cubeide_1.9.0/stm32cubeide/plugins/com.st.stm32cube.ide.mcu.externaltools.gnu-tools-for-stm32.10.3-2021.10.win32_1.0.0.202111181127/tools/bin/../lib/gcc/arm-none-eabi/10.3.1/thumb/v7e-m+fp/hard\libgcc.a(_dvmd_tls.o)
                0x00000000080004d4                __aeabi_idiv0
                0x00000000080004d4                __aeabi_ldiv0
 *(.text*)
 .text.main     0x00000000080004d8       0x3a ./Core/Src/main.o
                0x00000000080004d8                main
 *fill*         0x0000000008000512        0x2 
 .text.SystemClock_Config
                0x0000000008000514       0xd4 ./Core/Src/main.o
                0x0000000008000514                SystemClock_Config
 .text.MX_ADC1_Init
                0x00000000080005e8       0xc0 ./Core/Src/main.o
 .text.MX_I2C1_Init
                0x00000000080006a8       0x5c ./Core/Src/main.o
 .text.MX_I2C2_Init
                0x0000000008000704       0x5c ./Core/Src/main.o
 .text.MX_I2C3_Init
                0x0000000008000760       0x5c ./Core/Src/main.o
 .text.MX_SPI2_Init
                0x00000000080007bc       0x6c ./Core/Src/main.o
 .text.MX_TIM9_Init
                0x0000000008000828       0xa0 ./Core/Src/main.o
 .text.MX_USART1_UART_Init
                0x00000000080008c8       0x54 ./Core/Src/main.o
 .text.MX_USART6_UART_Init
                0x000000000800091c       0x54 ./Core/Src/main.o
 .text.MX_DMA_Init
                0x0000000008000970       0x60 ./Core/Src/main.o
 .text.MX_GPIO_Init
                0x00000000080009d0       0xf8 ./Core/Src/main.o
 .text.Error_Handler
                0x0000000008000ac8        0xa ./Core/Src/main.o
                0x0000000008000ac8                Error_Handler
 *fill*         0x0000000008000ad2        0x2 
 .text.HAL_MspInit
                0x0000000008000ad4       0x50 ./Core/Src/stm32f4xx_hal_msp.o
                0x0000000008000ad4                HAL_MspInit
 .text.HAL_ADC_MspInit
                0x0000000008000b24       0xf0 ./Core/Src/stm32f4xx_hal_msp.o
                0x0000000008000b24                HAL_ADC_MspInit
 .text.HAL_I2C_MspInit
                0x0000000008000c14      0x1c4 ./Core/Src/stm32f4xx_hal_msp.o
                0x0000000008000c14                HAL_I2C_MspInit
 .text.HAL_SPI_MspInit
                0x0000000008000dd8       0x90 ./Core/Src/stm32f4xx_hal_msp.o
                0x0000000008000dd8                HAL_SPI_MspInit
 .text.HAL_TIM_PWM_MspInit
                0x0000000008000e68       0x44 ./Core/Src/stm32f4xx_hal_msp.o
                0x0000000008000e68                HAL_TIM_PWM_MspInit
 .text.HAL_TIM_MspPostInit
                0x0000000008000eac       0x74 ./Core/Src/stm32f4xx_hal_msp.o
                0x0000000008000eac                HAL_TIM_MspPostInit
 .text.HAL_UART_MspInit
                0x0000000008000f20      0x1c4 ./Core/Src/stm32f4xx_hal_msp.o
                0x0000000008000f20                HAL_UART_MspInit
 .text.NMI_Handler
                0x00000000080010e4        0x6 ./Core/Src/stm32f4xx_it.o
                0x00000000080010e4                NMI_Handler
 .text.HardFault_Handler
                0x00000000080010ea        0x6 ./Core/Src/stm32f4xx_it.o
                0x00000000080010ea                HardFault_Handler
 .text.MemManage_Handler
                0x00000000080010f0        0x6 ./Core/Src/stm32f4xx_it.o
                0x00000000080010f0                MemManage_Handler
 .text.BusFault_Handler
                0x00000000080010f6        0x6 ./Core/Src/stm32f4xx_it.o
                0x00000000080010f6                BusFault_Handler
 .text.UsageFault_Handler
                0x00000000080010fc        0x6 ./Core/Src/stm32f4xx_it.o
                0x00000000080010fc                UsageFault_Handler
 .text.SVC_Handler
                0x0000000008001102        0xe ./Core/Src/stm32f4xx_it.o
                0x0000000008001102                SVC_Handler
 .text.DebugMon_Handler
                0x0000000008001110        0xe ./Core/Src/stm32f4xx_it.o
                0x0000000008001110                DebugMon_Handler
 .text.PendSV_Handler
                0x000000000800111e        0xe ./Core/Src/stm32f4xx_it.o
                0x000000000800111e                PendSV_Handler
 .text.SysTick_Handler
                0x000000000800112c       0x10 ./Core/Src/stm32f4xx_it.o
                0x000000000800112c                SysTick_Handler
 .text.DMA2_Stream0_IRQHandler
                0x000000000800113c       0x14 ./Core/Src/stm32f4xx_it.o
                0x000000000800113c                DMA2_Stream0_IRQHandler
 .text.DMA2_Stream1_IRQHandler
                0x0000000008001150       0x14 ./Core/Src/stm32f4xx_it.o
                0x0000000008001150                DMA2_Stream1_IRQHandler
 .text.DMA2_Stream2_IRQHandler
                0x0000000008001164       0x14 ./Core/Src/stm32f4xx_it.o
                0x0000000008001164                DMA2_Stream2_IRQHandler
 .text.SupPreSwitchCase
                0x0000000008001178       0xb0 ./Core/Src/supperListList.o
                0x0000000008001178                SupPreSwitchCase
 .text.SupTimeCntFun
                0x0000000008001228       0x68 ./Core/Src/supperListList.o
                0x0000000008001228                SupTimeCntFun
 .text.SuperRunSequence
                0x0000000008001290       0x40 ./Core/Src/supperListList.o
                0x0000000008001290                SuperRunSequence
 .text.ListListA1FirstInFun
                0x00000000080012d0       0x14 ./Core/Src/supperListList.o
                0x00000000080012d0                ListListA1FirstInFun
 .text.ListListA1internalFun
                0x00000000080012e4       0x14 ./Core/Src/supperListList.o
                0x00000000080012e4                ListListA1internalFun
 .text.ListListA1GowhereJudgeFun
                0x00000000080012f8       0x14 ./Core/Src/supperListList.o
                0x00000000080012f8                ListListA1GowhereJudgeFun
 .text.ListListA2FirstInFun
                0x000000000800130c       0x14 ./Core/Src/supperListList.o
                0x000000000800130c                ListListA2FirstInFun
 .text.ListListA2GowhereJudgeFun
                0x0000000008001320       0x14 ./Core/Src/supperListList.o
                0x0000000008001320                ListListA2GowhereJudgeFun
 .text.ListListA3FirstInFun
                0x0000000008001334       0x14 ./Core/Src/supperListList.o
                0x0000000008001334                ListListA3FirstInFun
 .text.ListListA3GowhereJudgeFun
                0x0000000008001348       0x14 ./Core/Src/supperListList.o
                0x0000000008001348                ListListA3GowhereJudgeFun
 .text.supperTaskA
                0x000000000800135c      0x148 ./Core/Src/supperListList.o
                0x000000000800135c                supperTaskA
 .text.supperTaskB
                0x00000000080014a4       0x38 ./Core/Src/supperListList.o
                0x00000000080014a4                supperTaskB
 .text.SystemInit
                0x00000000080014dc       0x24 ./Core/Src/system_stm32f4xx.o
                0x00000000080014dc                SystemInit
 .text.Reset_Handler
                0x0000000008001500       0x50 ./Core/Startup/startup_stm32f401ccux.o
                0x0000000008001500                Reset_Handler
 .text.Default_Handler
                0x0000000008001550        0x2 ./Core/Startup/startup_stm32f401ccux.o
                0x0000000008001550                RTC_Alarm_IRQHandler
                0x0000000008001550                EXTI2_IRQHandler
                0x0000000008001550                SPI4_IRQHandler
                0x0000000008001550                TIM1_CC_IRQHandler
                0x0000000008001550                DMA2_Stream5_IRQHandler
                0x0000000008001550                DMA1_Stream5_IRQHandler
                0x0000000008001550                PVD_IRQHandler
                0x0000000008001550                SDIO_IRQHandler
                0x0000000008001550                TAMP_STAMP_IRQHandler
                0x0000000008001550                EXTI3_IRQHandler
                0x0000000008001550                TIM1_UP_TIM10_IRQHandler
                0x0000000008001550                I2C3_ER_IRQHandler
                0x0000000008001550                EXTI0_IRQHandler
                0x0000000008001550                I2C2_EV_IRQHandler
                0x0000000008001550                DMA1_Stream2_IRQHandler
                0x0000000008001550                FPU_IRQHandler
                0x0000000008001550                SPI1_IRQHandler
                0x0000000008001550                TIM1_BRK_TIM9_IRQHandler
                0x0000000008001550                DMA2_Stream3_IRQHandler
                0x0000000008001550                USART6_IRQHandler
                0x0000000008001550                TIM4_IRQHandler
                0x0000000008001550                I2C1_EV_IRQHandler
                0x0000000008001550                DMA1_Stream6_IRQHandler
                0x0000000008001550                DMA1_Stream1_IRQHandler
                0x0000000008001550                TIM3_IRQHandler
                0x0000000008001550                RCC_IRQHandler
                0x0000000008001550                Default_Handler
                0x0000000008001550                EXTI15_10_IRQHandler
                0x0000000008001550                ADC_IRQHandler
                0x0000000008001550                DMA1_Stream7_IRQHandler
                0x0000000008001550                TIM5_IRQHandler
                0x0000000008001550                DMA2_Stream7_IRQHandler
                0x0000000008001550                I2C3_EV_IRQHandler
                0x0000000008001550                EXTI9_5_IRQHandler
                0x0000000008001550                RTC_WKUP_IRQHandler
                0x0000000008001550                SPI2_IRQHandler
                0x0000000008001550                DMA1_Stream0_IRQHandler
                0x0000000008001550                EXTI4_IRQHandler
                0x0000000008001550                WWDG_IRQHandler
                0x0000000008001550                TIM2_IRQHandler
                0x0000000008001550                OTG_FS_WKUP_IRQHandler
                0x0000000008001550                TIM1_TRG_COM_TIM11_IRQHandler
                0x0000000008001550                EXTI1_IRQHandler
                0x0000000008001550                USART2_IRQHandler
                0x0000000008001550                I2C2_ER_IRQHandler
                0x0000000008001550                FLASH_IRQHandler
                0x0000000008001550                DMA2_Stream4_IRQHandler
                0x0000000008001550                USART1_IRQHandler
                0x0000000008001550                OTG_FS_IRQHandler
                0x0000000008001550                SPI3_IRQHandler
                0x0000000008001550                DMA1_Stream4_IRQHandler
                0x0000000008001550                I2C1_ER_IRQHandler
                0x0000000008001550                DMA2_Stream6_IRQHandler
                0x0000000008001550                DMA1_Stream3_IRQHandler
 *fill*         0x0000000008001552        0x2 
 .text.HAL_Init
                0x0000000008001554       0x44 ./Drivers/STM32F4xx_HAL_Driver/Src/stm32f4xx_hal.o
                0x0000000008001554                HAL_Init
 .text.HAL_InitTick
                0x0000000008001598       0x60 ./Drivers/STM32F4xx_HAL_Driver/Src/stm32f4xx_hal.o
                0x0000000008001598                HAL_InitTick
 .text.HAL_IncTick
                0x00000000080015f8       0x28 ./Drivers/STM32F4xx_HAL_Driver/Src/stm32f4xx_hal.o
                0x00000000080015f8                HAL_IncTick
 .text.HAL_GetTick
                0x0000000008001620       0x18 ./Drivers/STM32F4xx_HAL_Driver/Src/stm32f4xx_hal.o
                0x0000000008001620                HAL_GetTick
 .text.HAL_ADC_Init
                0x0000000008001638       0x86 ./Drivers/STM32F4xx_HAL_Driver/Src/stm32f4xx_hal_adc.o
                0x0000000008001638                HAL_ADC_Init
 *fill*         0x00000000080016be        0x2 
 .text.HAL_ADC_ConfigChannel
                0x00000000080016c0      0x244 ./Drivers/STM32F4xx_HAL_Driver/Src/stm32f4xx_hal_adc.o
                0x00000000080016c0                HAL_ADC_ConfigChannel
 .text.ADC_Init
                0x0000000008001904      0x1f8 ./Drivers/STM32F4xx_HAL_Driver/Src/stm32f4xx_hal_adc.o
 .text.__NVIC_SetPriorityGrouping
                0x0000000008001afc       0x48 ./Drivers/STM32F4xx_HAL_Driver/Src/stm32f4xx_hal_cortex.o
 .text.__NVIC_GetPriorityGrouping
                0x0000000008001b44       0x1c ./Drivers/STM32F4xx_HAL_Driver/Src/stm32f4xx_hal_cortex.o
 .text.__NVIC_EnableIRQ
                0x0000000008001b60       0x3c ./Drivers/STM32F4xx_HAL_Driver/Src/stm32f4xx_hal_cortex.o
 .text.__NVIC_SetPriority
                0x0000000008001b9c       0x54 ./Drivers/STM32F4xx_HAL_Driver/Src/stm32f4xx_hal_cortex.o
 .text.NVIC_EncodePriority
                0x0000000008001bf0       0x66 ./Drivers/STM32F4xx_HAL_Driver/Src/stm32f4xx_hal_cortex.o
 *fill*         0x0000000008001c56        0x2 
 .text.SysTick_Config
                0x0000000008001c58       0x44 ./Drivers/STM32F4xx_HAL_Driver/Src/stm32f4xx_hal_cortex.o
 .text.HAL_NVIC_SetPriorityGrouping
                0x0000000008001c9c       0x16 ./Drivers/STM32F4xx_HAL_Driver/Src/stm32f4xx_hal_cortex.o
                0x0000000008001c9c                HAL_NVIC_SetPriorityGrouping
 .text.HAL_NVIC_SetPriority
                0x0000000008001cb2       0x38 ./Drivers/STM32F4xx_HAL_Driver/Src/stm32f4xx_hal_cortex.o
                0x0000000008001cb2                HAL_NVIC_SetPriority
 .text.HAL_NVIC_EnableIRQ
                0x0000000008001cea       0x1c ./Drivers/STM32F4xx_HAL_Driver/Src/stm32f4xx_hal_cortex.o
                0x0000000008001cea                HAL_NVIC_EnableIRQ
 .text.HAL_SYSTICK_Config
                0x0000000008001d06       0x18 ./Drivers/STM32F4xx_HAL_Driver/Src/stm32f4xx_hal_cortex.o
                0x0000000008001d06                HAL_SYSTICK_Config
 *fill*         0x0000000008001d1e        0x2 
 .text.HAL_DMA_Init
                0x0000000008001d20      0x15c ./Drivers/STM32F4xx_HAL_Driver/Src/stm32f4xx_hal_dma.o
                0x0000000008001d20                HAL_DMA_Init
 .text.HAL_DMA_IRQHandler
                0x0000000008001e7c      0x314 ./Drivers/STM32F4xx_HAL_Driver/Src/stm32f4xx_hal_dma.o
                0x0000000008001e7c                HAL_DMA_IRQHandler
 .text.DMA_CalcBaseAndBitshift
                0x0000000008002190       0x6c ./Drivers/STM32F4xx_HAL_Driver/Src/stm32f4xx_hal_dma.o
 .text.DMA_CheckFifoParam
                0x00000000080021fc       0xf8 ./Drivers/STM32F4xx_HAL_Driver/Src/stm32f4xx_hal_dma.o
 .text.HAL_GPIO_Init
                0x00000000080022f4      0x308 ./Drivers/STM32F4xx_HAL_Driver/Src/stm32f4xx_hal_gpio.o
                0x00000000080022f4                HAL_GPIO_Init
 .text.HAL_GPIO_WritePin
                0x00000000080025fc       0x32 ./Drivers/STM32F4xx_HAL_Driver/Src/stm32f4xx_hal_gpio.o
                0x00000000080025fc                HAL_GPIO_WritePin
 *fill*         0x000000000800262e        0x2 
 .text.HAL_I2C_Init
                0x0000000008002630      0x288 ./Drivers/STM32F4xx_HAL_Driver/Src/stm32f4xx_hal_i2c.o
                0x0000000008002630                HAL_I2C_Init
 .text.HAL_RCC_OscConfig
                0x00000000080028b8      0x4f0 ./Drivers/STM32F4xx_HAL_Driver/Src/stm32f4xx_hal_rcc.o
                0x00000000080028b8                HAL_RCC_OscConfig
 .text.HAL_RCC_ClockConfig
                0x0000000008002da8      0x1cc ./Drivers/STM32F4xx_HAL_Driver/Src/stm32f4xx_hal_rcc.o
                0x0000000008002da8                HAL_RCC_ClockConfig
 .text.HAL_RCC_GetSysClockFreq
                0x0000000008002f74      0x20c ./Drivers/STM32F4xx_HAL_Driver/Src/stm32f4xx_hal_rcc.o
                0x0000000008002f74                HAL_RCC_GetSysClockFreq
 .text.HAL_RCC_GetHCLKFreq
                0x0000000008003180       0x18 ./Drivers/STM32F4xx_HAL_Driver/Src/stm32f4xx_hal_rcc.o
                0x0000000008003180                HAL_RCC_GetHCLKFreq
 .text.HAL_RCC_GetPCLK1Freq
                0x0000000008003198       0x28 ./Drivers/STM32F4xx_HAL_Driver/Src/stm32f4xx_hal_rcc.o
                0x0000000008003198                HAL_RCC_GetPCLK1Freq
 .text.HAL_RCC_GetPCLK2Freq
                0x00000000080031c0       0x28 ./Drivers/STM32F4xx_HAL_Driver/Src/stm32f4xx_hal_rcc.o
                0x00000000080031c0                HAL_RCC_GetPCLK2Freq
 .text.HAL_SPI_Init
                0x00000000080031e8      0x112 ./Drivers/STM32F4xx_HAL_Driver/Src/stm32f4xx_hal_spi.o
                0x00000000080031e8                HAL_SPI_Init
 .text.HAL_TIM_PWM_Init
                0x00000000080032fa       0x9e ./Drivers/STM32F4xx_HAL_Driver/Src/stm32f4xx_hal_tim.o
                0x00000000080032fa                HAL_TIM_PWM_Init
 .text.HAL_TIM_PWM_ConfigChannel
                0x0000000008003398      0x184 ./Drivers/STM32F4xx_HAL_Driver/Src/stm32f4xx_hal_tim.o
                0x0000000008003398                HAL_TIM_PWM_ConfigChannel
 .text.TIM_Base_SetConfig
                0x000000000800351c      0x100 ./Drivers/STM32F4xx_HAL_Driver/Src/stm32f4xx_hal_tim.o
                0x000000000800351c                TIM_Base_SetConfig
 .text.TIM_OC1_SetConfig
                0x000000000800361c       0xcc ./Drivers/STM32F4xx_HAL_Driver/Src/stm32f4xx_hal_tim.o
 .text.TIM_OC2_SetConfig
                0x00000000080036e8       0xd8 ./Drivers/STM32F4xx_HAL_Driver/Src/stm32f4xx_hal_tim.o
                0x00000000080036e8                TIM_OC2_SetConfig
 .text.TIM_OC3_SetConfig
                0x00000000080037c0       0xd4 ./Drivers/STM32F4xx_HAL_Driver/Src/stm32f4xx_hal_tim.o
 .text.TIM_OC4_SetConfig
                0x0000000008003894       0xa0 ./Drivers/STM32F4xx_HAL_Driver/Src/stm32f4xx_hal_tim.o
 .text.HAL_UART_Init
                0x0000000008003934       0x9a ./Drivers/STM32F4xx_HAL_Driver/Src/stm32f4xx_hal_uart.o
                0x0000000008003934                HAL_UART_Init
 *fill*         0x00000000080039ce        0x2 
 .text.UART_SetConfig
                0x00000000080039d0      0x4e8 ./Drivers/STM32F4xx_HAL_Driver/Src/stm32f4xx_hal_uart.o
 .text.__libc_init_array
                0x0000000008003eb8       0x48 c:/st/stm32cubeide_1.9.0/stm32cubeide/plugins/com.st.stm32cube.ide.mcu.externaltools.gnu-tools-for-stm32.10.3-2021.10.win32_1.0.0.202111181127/tools/bin/../lib/gcc/arm-none-eabi/10.3.1/../../../../arm-none-eabi/lib/thumb/v7e-m+fp/hard\libc_nano.a(lib_a-init.o)
                0x0000000008003eb8                __libc_init_array
 .text.memset   0x0000000008003f00       0x10 c:/st/stm32cubeide_1.9.0/stm32cubeide/plugins/com.st.stm32cube.ide.mcu.externaltools.gnu-tools-for-stm32.10.3-2021.10.win32_1.0.0.202111181127/tools/bin/../lib/gcc/arm-none-eabi/10.3.1/../../../../arm-none-eabi/lib/thumb/v7e-m+fp/hard\libc_nano.a(lib_a-memset.o)
                0x0000000008003f00                memset
 *(.glue_7)
 .glue_7        0x0000000008003f10        0x0 linker stubs
 *(.glue_7t)
 .glue_7t       0x0000000008003f10        0x0 linker stubs
 *(.eh_frame)
 .eh_frame      0x0000000008003f10        0x0 c:/st/stm32cubeide_1.9.0/stm32cubeide/plugins/com.st.stm32cube.ide.mcu.externaltools.gnu-tools-for-stm32.10.3-2021.10.win32_1.0.0.202111181127/tools/bin/../lib/gcc/arm-none-eabi/10.3.1/thumb/v7e-m+fp/hard/crtbegin.o
 *(.init)
 .init          0x0000000008003f10        0x4 c:/st/stm32cubeide_1.9.0/stm32cubeide/plugins/com.st.stm32cube.ide.mcu.externaltools.gnu-tools-for-stm32.10.3-2021.10.win32_1.0.0.202111181127/tools/bin/../lib/gcc/arm-none-eabi/10.3.1/thumb/v7e-m+fp/hard/crti.o
                0x0000000008003f10                _init
 .init          0x0000000008003f14        0x8 c:/st/stm32cubeide_1.9.0/stm32cubeide/plugins/com.st.stm32cube.ide.mcu.externaltools.gnu-tools-for-stm32.10.3-2021.10.win32_1.0.0.202111181127/tools/bin/../lib/gcc/arm-none-eabi/10.3.1/thumb/v7e-m+fp/hard/crtn.o
 *(.fini)
 .fini          0x0000000008003f1c        0x4 c:/st/stm32cubeide_1.9.0/stm32cubeide/plugins/com.st.stm32cube.ide.mcu.externaltools.gnu-tools-for-stm32.10.3-2021.10.win32_1.0.0.202111181127/tools/bin/../lib/gcc/arm-none-eabi/10.3.1/thumb/v7e-m+fp/hard/crti.o
                0x0000000008003f1c                _fini
 .fini          0x0000000008003f20        0x8 c:/st/stm32cubeide_1.9.0/stm32cubeide/plugins/com.st.stm32cube.ide.mcu.externaltools.gnu-tools-for-stm32.10.3-2021.10.win32_1.0.0.202111181127/tools/bin/../lib/gcc/arm-none-eabi/10.3.1/thumb/v7e-m+fp/hard/crtn.o
                0x0000000008003f28                . = ALIGN (0x4)
                0x0000000008003f28                _etext = .

.vfp11_veneer   0x0000000008003f28        0x0
 .vfp11_veneer  0x0000000008003f28        0x0 linker stubs

.v4_bx          0x0000000008003f28        0x0
 .v4_bx         0x0000000008003f28        0x0 linker stubs

.iplt           0x0000000008003f28        0x0
 .iplt          0x0000000008003f28        0x0 c:/st/stm32cubeide_1.9.0/stm32cubeide/plugins/com.st.stm32cube.ide.mcu.externaltools.gnu-tools-for-stm32.10.3-2021.10.win32_1.0.0.202111181127/tools/bin/../lib/gcc/arm-none-eabi/10.3.1/thumb/v7e-m+fp/hard/crtbegin.o

.rodata         0x0000000008003f28       0x48
                0x0000000008003f28                . = ALIGN (0x4)
 *(.rodata)
 .rodata        0x0000000008003f28       0x27 ./Core/Src/supperListList.o
 *(.rodata*)
 *fill*         0x0000000008003f4f        0x1 
 .rodata.AHBPrescTable
                0x0000000008003f50       0x10 ./Core/Src/system_stm32f4xx.o
                0x0000000008003f50                AHBPrescTable
 .rodata.APBPrescTable
                0x0000000008003f60        0x8 ./Core/Src/system_stm32f4xx.o
                0x0000000008003f60                APBPrescTable
 .rodata.flagBitshiftOffset.0
                0x0000000008003f68        0x8 ./Drivers/STM32F4xx_HAL_Driver/Src/stm32f4xx_hal_dma.o
                0x0000000008003f70                . = ALIGN (0x4)

.ARM.extab      0x0000000008003f70        0x0
                0x0000000008003f70                . = ALIGN (0x4)
 *(.ARM.extab* .gnu.linkonce.armextab.*)
                0x0000000008003f70                . = ALIGN (0x4)

.ARM            0x0000000008003f70        0x8
                0x0000000008003f70                . = ALIGN (0x4)
                0x0000000008003f70                __exidx_start = .
 *(.ARM.exidx*)
 .ARM.exidx     0x0000000008003f70        0x8 c:/st/stm32cubeide_1.9.0/stm32cubeide/plugins/com.st.stm32cube.ide.mcu.externaltools.gnu-tools-for-stm32.10.3-2021.10.win32_1.0.0.202111181127/tools/bin/../lib/gcc/arm-none-eabi/10.3.1/thumb/v7e-m+fp/hard\libgcc.a(_udivmoddi4.o)
                0x0000000008003f78                __exidx_end = .
                0x0000000008003f78                . = ALIGN (0x4)

.rel.dyn        0x0000000008003f78        0x0
 .rel.iplt      0x0000000008003f78        0x0 c:/st/stm32cubeide_1.9.0/stm32cubeide/plugins/com.st.stm32cube.ide.mcu.externaltools.gnu-tools-for-stm32.10.3-2021.10.win32_1.0.0.202111181127/tools/bin/../lib/gcc/arm-none-eabi/10.3.1/thumb/v7e-m+fp/hard/crtbegin.o

.preinit_array  0x0000000008003f78        0x0
                0x0000000008003f78                . = ALIGN (0x4)
                0x0000000008003f78                PROVIDE (__preinit_array_start = .)
 *(.preinit_array*)
                0x0000000008003f78                PROVIDE (__preinit_array_end = .)
                0x0000000008003f78                . = ALIGN (0x4)

.init_array     0x0000000008003f78        0x4
                0x0000000008003f78                . = ALIGN (0x4)
                0x0000000008003f78                PROVIDE (__init_array_start = .)
 *(SORT_BY_NAME(.init_array.*))
 *(.init_array*)
 .init_array    0x0000000008003f78        0x4 c:/st/stm32cubeide_1.9.0/stm32cubeide/plugins/com.st.stm32cube.ide.mcu.externaltools.gnu-tools-for-stm32.10.3-2021.10.win32_1.0.0.202111181127/tools/bin/../lib/gcc/arm-none-eabi/10.3.1/thumb/v7e-m+fp/hard/crtbegin.o
                0x0000000008003f7c                PROVIDE (__init_array_end = .)
                0x0000000008003f7c                . = ALIGN (0x4)

.fini_array     0x0000000008003f7c        0x4
                0x0000000008003f7c                . = ALIGN (0x4)
                [!provide]                        PROVIDE (__fini_array_start = .)
 *(SORT_BY_NAME(.fini_array.*))
 *(.fini_array*)
 .fini_array    0x0000000008003f7c        0x4 c:/st/stm32cubeide_1.9.0/stm32cubeide/plugins/com.st.stm32cube.ide.mcu.externaltools.gnu-tools-for-stm32.10.3-2021.10.win32_1.0.0.202111181127/tools/bin/../lib/gcc/arm-none-eabi/10.3.1/thumb/v7e-m+fp/hard/crtbegin.o
                [!provide]                        PROVIDE (__fini_array_end = .)
                0x0000000008003f80                . = ALIGN (0x4)
                0x0000000008003f80                _sidata = LOADADDR (.data)

.data           0x0000000020000000       0x80 load address 0x0000000008003f80
                0x0000000020000000                . = ALIGN (0x4)
                0x0000000020000000                _sdata = .
 *(.data)
 *(.data*)
 .data.sppuerList
                0x0000000020000000       0x20 ./Core/Src/supperListList.o
                0x0000000020000000                sppuerList
 .data.sppuerListListA
                0x0000000020000020       0x54 ./Core/Src/supperListList.o
                0x0000000020000020                sppuerListListA
 .data.SystemCoreClock
                0x0000000020000074        0x4 ./Core/Src/system_stm32f4xx.o
                0x0000000020000074                SystemCoreClock
 .data.uwTickPrio
                0x0000000020000078        0x4 ./Drivers/STM32F4xx_HAL_Driver/Src/stm32f4xx_hal.o
                0x0000000020000078                uwTickPrio
 .data.uwTickFreq
                0x000000002000007c        0x1 ./Drivers/STM32F4xx_HAL_Driver/Src/stm32f4xx_hal.o
                0x000000002000007c                uwTickFreq
 *(.RamFunc)
 *(.RamFunc*)
                0x0000000020000080                . = ALIGN (0x4)
 *fill*         0x000000002000007d        0x3 
                0x0000000020000080                _edata = .

.igot.plt       0x0000000020000080        0x0 load address 0x0000000008004000
 .igot.plt      0x0000000020000080        0x0 c:/st/stm32cubeide_1.9.0/stm32cubeide/plugins/com.st.stm32cube.ide.mcu.externaltools.gnu-tools-for-stm32.10.3-2021.10.win32_1.0.0.202111181127/tools/bin/../lib/gcc/arm-none-eabi/10.3.1/thumb/v7e-m+fp/hard/crtbegin.o
                0x0000000020000080                . = ALIGN (0x4)

.bss            0x0000000020000080      0x3b0 load address 0x0000000008004000
                0x0000000020000080                _sbss = .
                0x0000000020000080                __bss_start__ = _sbss
 *(.bss)
 .bss           0x0000000020000080       0x1c c:/st/stm32cubeide_1.9.0/stm32cubeide/plugins/com.st.stm32cube.ide.mcu.externaltools.gnu-tools-for-stm32.10.3-2021.10.win32_1.0.0.202111181127/tools/bin/../lib/gcc/arm-none-eabi/10.3.1/thumb/v7e-m+fp/hard/crtbegin.o
 *(.bss*)
 .bss.hadc1     0x000000002000009c       0x48 ./Core/Src/main.o
                0x000000002000009c                hadc1
 .bss.hdma_adc1
                0x00000000200000e4       0x60 ./Core/Src/main.o
                0x00000000200000e4                hdma_adc1
 .bss.hi2c1     0x0000000020000144       0x54 ./Core/Src/main.o
                0x0000000020000144                hi2c1
 .bss.hi2c2     0x0000000020000198       0x54 ./Core/Src/main.o
                0x0000000020000198                hi2c2
 .bss.hi2c3     0x00000000200001ec       0x54 ./Core/Src/main.o
                0x00000000200001ec                hi2c3
 .bss.hspi2     0x0000000020000240       0x58 ./Core/Src/main.o
                0x0000000020000240                hspi2
 .bss.htim9     0x0000000020000298       0x48 ./Core/Src/main.o
                0x0000000020000298                htim9
 .bss.huart1    0x00000000200002e0       0x44 ./Core/Src/main.o
                0x00000000200002e0                huart1
 .bss.huart6    0x0000000020000324       0x44 ./Core/Src/main.o
                0x0000000020000324                huart6
 .bss.hdma_usart1_rx
                0x0000000020000368       0x60 ./Core/Src/main.o
                0x0000000020000368                hdma_usart1_rx
 .bss.hdma_usart6_rx
                0x00000000200003c8       0x60 ./Core/Src/main.o
                0x00000000200003c8                hdma_usart6_rx
 .bss.pNull     0x0000000020000428        0x4 ./Core/Src/supperListList.o
                0x0000000020000428                pNull
 .bss.uwTick    0x000000002000042c        0x4 ./Drivers/STM32F4xx_HAL_Driver/Src/stm32f4xx_hal.o
                0x000000002000042c                uwTick
 *(COMMON)
                0x0000000020000430                . = ALIGN (0x4)
                0x0000000020000430                _ebss = .
                0x0000000020000430                __bss_end__ = _ebss

._user_heap_stack
                0x0000000020000430      0x600 load address 0x0000000008004000
                0x0000000020000430                . = ALIGN (0x8)
                [!provide]                        PROVIDE (end = .)
                0x0000000020000430                PROVIDE (_end = .)
                0x0000000020000630                . = (. + _Min_Heap_Size)
 *fill*         0x0000000020000430      0x200 
                0x0000000020000a30                . = (. + _Min_Stack_Size)
 *fill*         0x0000000020000630      0x400 
                0x0000000020000a30                . = ALIGN (0x8)

/DISCARD/
 libc.a(*)
 libm.a(*)
 libgcc.a(*)

.ARM.attributes
                0x0000000000000000       0x30
 *(.ARM.attributes)
 .ARM.attributes
                0x0000000000000000       0x1e c:/st/stm32cubeide_1.9.0/stm32cubeide/plugins/com.st.stm32cube.ide.mcu.externaltools.gnu-tools-for-stm32.10.3-2021.10.win32_1.0.0.202111181127/tools/bin/../lib/gcc/arm-none-eabi/10.3.1/thumb/v7e-m+fp/hard/crti.o
 .ARM.attributes
                0x000000000000001e       0x34 c:/st/stm32cubeide_1.9.0/stm32cubeide/plugins/com.st.stm32cube.ide.mcu.externaltools.gnu-tools-for-stm32.10.3-2021.10.win32_1.0.0.202111181127/tools/bin/../lib/gcc/arm-none-eabi/10.3.1/thumb/v7e-m+fp/hard/crtbegin.o
 .ARM.attributes
                0x0000000000000052       0x34 ./Core/Src/main.o
 .ARM.attributes
                0x0000000000000086       0x34 ./Core/Src/stm32f4xx_hal_msp.o
 .ARM.attributes
                0x00000000000000ba       0x34 ./Core/Src/stm32f4xx_it.o
 .ARM.attributes
                0x00000000000000ee       0x34 ./Core/Src/supperListList.o
 .ARM.attributes
                0x0000000000000122       0x34 ./Core/Src/system_stm32f4xx.o
 .ARM.attributes
                0x0000000000000156       0x21 ./Core/Startup/startup_stm32f401ccux.o
 .ARM.attributes
                0x0000000000000177       0x34 ./Drivers/STM32F4xx_HAL_Driver/Src/stm32f4xx_hal.o
 .ARM.attributes
                0x00000000000001ab       0x34 ./Drivers/STM32F4xx_HAL_Driver/Src/stm32f4xx_hal_adc.o
 .ARM.attributes
                0x00000000000001df       0x34 ./Drivers/STM32F4xx_HAL_Driver/Src/stm32f4xx_hal_cortex.o
 .ARM.attributes
                0x0000000000000213       0x34 ./Drivers/STM32F4xx_HAL_Driver/Src/stm32f4xx_hal_dma.o
 .ARM.attributes
                0x0000000000000247       0x34 ./Drivers/STM32F4xx_HAL_Driver/Src/stm32f4xx_hal_gpio.o
 .ARM.attributes
                0x000000000000027b       0x34 ./Drivers/STM32F4xx_HAL_Driver/Src/stm32f4xx_hal_i2c.o
 .ARM.attributes
                0x00000000000002af       0x34 ./Drivers/STM32F4xx_HAL_Driver/Src/stm32f4xx_hal_rcc.o
 .ARM.attributes
                0x00000000000002e3       0x34 ./Drivers/STM32F4xx_HAL_Driver/Src/stm32f4xx_hal_spi.o
 .ARM.attributes
                0x0000000000000317       0x34 ./Drivers/STM32F4xx_HAL_Driver/Src/stm32f4xx_hal_tim.o
 .ARM.attributes
                0x000000000000034b       0x34 ./Drivers/STM32F4xx_HAL_Driver/Src/stm32f4xx_hal_uart.o
 .ARM.attributes
                0x000000000000037f       0x34 c:/st/stm32cubeide_1.9.0/stm32cubeide/plugins/com.st.stm32cube.ide.mcu.externaltools.gnu-tools-for-stm32.10.3-2021.10.win32_1.0.0.202111181127/tools/bin/../lib/gcc/arm-none-eabi/10.3.1/../../../../arm-none-eabi/lib/thumb/v7e-m+fp/hard\libc_nano.a(lib_a-init.o)
 .ARM.attributes
                0x00000000000003b3       0x34 c:/st/stm32cubeide_1.9.0/stm32cubeide/plugins/com.st.stm32cube.ide.mcu.externaltools.gnu-tools-for-stm32.10.3-2021.10.win32_1.0.0.202111181127/tools/bin/../lib/gcc/arm-none-eabi/10.3.1/../../../../arm-none-eabi/lib/thumb/v7e-m+fp/hard\libc_nano.a(lib_a-memset.o)
 .ARM.attributes
                0x00000000000003e7       0x1e c:/st/stm32cubeide_1.9.0/stm32cubeide/plugins/com.st.stm32cube.ide.mcu.externaltools.gnu-tools-for-stm32.10.3-2021.10.win32_1.0.0.202111181127/tools/bin/../lib/gcc/arm-none-eabi/10.3.1/thumb/v7e-m+fp/hard\libgcc.a(_aeabi_uldivmod.o)
 .ARM.attributes
                0x0000000000000405       0x34 c:/st/stm32cubeide_1.9.0/stm32cubeide/plugins/com.st.stm32cube.ide.mcu.externaltools.gnu-tools-for-stm32.10.3-2021.10.win32_1.0.0.202111181127/tools/bin/../lib/gcc/arm-none-eabi/10.3.1/thumb/v7e-m+fp/hard\libgcc.a(_udivmoddi4.o)
 .ARM.attributes
                0x0000000000000439       0x1e c:/st/stm32cubeide_1.9.0/stm32cubeide/plugins/com.st.stm32cube.ide.mcu.externaltools.gnu-tools-for-stm32.10.3-2021.10.win32_1.0.0.202111181127/tools/bin/../lib/gcc/arm-none-eabi/10.3.1/thumb/v7e-m+fp/hard\libgcc.a(_dvmd_tls.o)
 .ARM.attributes
                0x0000000000000457       0x1e c:/st/stm32cubeide_1.9.0/stm32cubeide/plugins/com.st.stm32cube.ide.mcu.externaltools.gnu-tools-for-stm32.10.3-2021.10.win32_1.0.0.202111181127/tools/bin/../lib/gcc/arm-none-eabi/10.3.1/thumb/v7e-m+fp/hard/crtn.o
OUTPUT(tPen.elf elf32-littlearm)
LOAD linker stubs
LOAD c:/st/stm32cubeide_1.9.0/stm32cubeide/plugins/com.st.stm32cube.ide.mcu.externaltools.gnu-tools-for-stm32.10.3-2021.10.win32_1.0.0.202111181127/tools/bin/../lib/gcc/arm-none-eabi/10.3.1/../../../../arm-none-eabi/lib/thumb/v7e-m+fp/hard\libc.a
LOAD c:/st/stm32cubeide_1.9.0/stm32cubeide/plugins/com.st.stm32cube.ide.mcu.externaltools.gnu-tools-for-stm32.10.3-2021.10.win32_1.0.0.202111181127/tools/bin/../lib/gcc/arm-none-eabi/10.3.1/../../../../arm-none-eabi/lib/thumb/v7e-m+fp/hard\libm.a
LOAD c:/st/stm32cubeide_1.9.0/stm32cubeide/plugins/com.st.stm32cube.ide.mcu.externaltools.gnu-tools-for-stm32.10.3-2021.10.win32_1.0.0.202111181127/tools/bin/../lib/gcc/arm-none-eabi/10.3.1/thumb/v7e-m+fp/hard\libgcc.a

.debug_info     0x0000000000000000    0x11cce
 .debug_info    0x0000000000000000     0x1c08 ./Core/Src/main.o
 .debug_info    0x0000000000001c08     0x1864 ./Core/Src/stm32f4xx_hal_msp.o
 .debug_info    0x000000000000346c      0x428 ./Core/Src/stm32f4xx_it.o
 .debug_info    0x0000000000003894      0x5ac ./Core/Src/supperListList.o
 .debug_info    0x0000000000003e40      0x54f ./Core/Src/system_stm32f4xx.o
 .debug_info    0x000000000000438f       0x22 ./Core/Startup/startup_stm32f401ccux.o
 .debug_info    0x00000000000043b1      0x906 ./Drivers/STM32F4xx_HAL_Driver/Src/stm32f4xx_hal.o
 .debug_info    0x0000000000004cb7      0xd68 ./Drivers/STM32F4xx_HAL_Driver/Src/stm32f4xx_hal_adc.o
 .debug_info    0x0000000000005a1f      0xd85 ./Drivers/STM32F4xx_HAL_Driver/Src/stm32f4xx_hal_cortex.o
 .debug_info    0x00000000000067a4      0x947 ./Drivers/STM32F4xx_HAL_Driver/Src/stm32f4xx_hal_dma.o
 .debug_info    0x00000000000070eb      0x78e ./Drivers/STM32F4xx_HAL_Driver/Src/stm32f4xx_hal_gpio.o
 .debug_info    0x0000000000007879     0x260f ./Drivers/STM32F4xx_HAL_Driver/Src/stm32f4xx_hal_i2c.o
 .debug_info    0x0000000000009e88      0x98c ./Drivers/STM32F4xx_HAL_Driver/Src/stm32f4xx_hal_rcc.o
 .debug_info    0x000000000000a814     0x1750 ./Drivers/STM32F4xx_HAL_Driver/Src/stm32f4xx_hal_spi.o
 .debug_info    0x000000000000bf64     0x2bb6 ./Drivers/STM32F4xx_HAL_Driver/Src/stm32f4xx_hal_tim.o
 .debug_info    0x000000000000eb1a     0x31b4 ./Drivers/STM32F4xx_HAL_Driver/Src/stm32f4xx_hal_uart.o

.debug_abbrev   0x0000000000000000     0x21b4
 .debug_abbrev  0x0000000000000000      0x2e4 ./Core/Src/main.o
 .debug_abbrev  0x00000000000002e4      0x245 ./Core/Src/stm32f4xx_hal_msp.o
 .debug_abbrev  0x0000000000000529      0x130 ./Core/Src/stm32f4xx_it.o
 .debug_abbrev  0x0000000000000659      0x1c9 ./Core/Src/supperListList.o
 .debug_abbrev  0x0000000000000822      0x116 ./Core/Src/system_stm32f4xx.o
 .debug_abbrev  0x0000000000000938       0x12 ./Core/Startup/startup_stm32f401ccux.o
 .debug_abbrev  0x000000000000094a      0x23e ./Drivers/STM32F4xx_HAL_Driver/Src/stm32f4xx_hal.o
 .debug_abbrev  0x0000000000000b88      0x204 ./Drivers/STM32F4xx_HAL_Driver/Src/stm32f4xx_hal_adc.o
 .debug_abbrev  0x0000000000000d8c      0x316 ./Drivers/STM32F4xx_HAL_Driver/Src/stm32f4xx_hal_cortex.o
 .debug_abbrev  0x00000000000010a2      0x21b ./Drivers/STM32F4xx_HAL_Driver/Src/stm32f4xx_hal_dma.o
 .debug_abbrev  0x00000000000012bd      0x1c4 ./Drivers/STM32F4xx_HAL_Driver/Src/stm32f4xx_hal_gpio.o
 .debug_abbrev  0x0000000000001481      0x2a8 ./Drivers/STM32F4xx_HAL_Driver/Src/stm32f4xx_hal_i2c.o
 .debug_abbrev  0x0000000000001729      0x2aa ./Drivers/STM32F4xx_HAL_Driver/Src/stm32f4xx_hal_rcc.o
 .debug_abbrev  0x00000000000019d3      0x26e ./Drivers/STM32F4xx_HAL_Driver/Src/stm32f4xx_hal_spi.o
 .debug_abbrev  0x0000000000001c41      0x26e ./Drivers/STM32F4xx_HAL_Driver/Src/stm32f4xx_hal_tim.o
 .debug_abbrev  0x0000000000001eaf      0x305 ./Drivers/STM32F4xx_HAL_Driver/Src/stm32f4xx_hal_uart.o

.debug_aranges  0x0000000000000000     0x1130
 .debug_aranges
                0x0000000000000000       0x80 ./Core/Src/main.o
 .debug_aranges
                0x0000000000000080       0x78 ./Core/Src/stm32f4xx_hal_msp.o
 .debug_aranges
                0x00000000000000f8       0x78 ./Core/Src/stm32f4xx_it.o
 .debug_aranges
                0x0000000000000170       0xd0 ./Core/Src/supperListList.o
 .debug_aranges
                0x0000000000000240       0x28 ./Core/Src/system_stm32f4xx.o
 .debug_aranges
                0x0000000000000268       0x28 ./Core/Startup/startup_stm32f401ccux.o
 .debug_aranges
                0x0000000000000290       0xf0 ./Drivers/STM32F4xx_HAL_Driver/Src/stm32f4xx_hal.o
 .debug_aranges
                0x0000000000000380       0xe8 ./Drivers/STM32F4xx_HAL_Driver/Src/stm32f4xx_hal_adc.o
 .debug_aranges
                0x0000000000000468      0x118 ./Drivers/STM32F4xx_HAL_Driver/Src/stm32f4xx_hal_cortex.o
 .debug_aranges
                0x0000000000000580       0x90 ./Drivers/STM32F4xx_HAL_Driver/Src/stm32f4xx_hal_dma.o
 .debug_aranges
                0x0000000000000610       0x58 ./Drivers/STM32F4xx_HAL_Driver/Src/stm32f4xx_hal_gpio.o
 .debug_aranges
                0x0000000000000668      0x2a0 ./Drivers/STM32F4xx_HAL_Driver/Src/stm32f4xx_hal_i2c.o
 .debug_aranges
                0x0000000000000908       0x88 ./Drivers/STM32F4xx_HAL_Driver/Src/stm32f4xx_hal_rcc.o
 .debug_aranges
                0x0000000000000990      0x1d0 ./Drivers/STM32F4xx_HAL_Driver/Src/stm32f4xx_hal_spi.o
 .debug_aranges
                0x0000000000000b60      0x3d0 ./Drivers/STM32F4xx_HAL_Driver/Src/stm32f4xx_hal_tim.o
 .debug_aranges
                0x0000000000000f30      0x200 ./Drivers/STM32F4xx_HAL_Driver/Src/stm32f4xx_hal_uart.o

.debug_ranges   0x0000000000000000     0x1080
 .debug_ranges  0x0000000000000000       0x70 ./Core/Src/main.o
 .debug_ranges  0x0000000000000070       0x68 ./Core/Src/stm32f4xx_hal_msp.o
 .debug_ranges  0x00000000000000d8       0x68 ./Core/Src/stm32f4xx_it.o
 .debug_ranges  0x0000000000000140       0xc0 ./Core/Src/supperListList.o
 .debug_ranges  0x0000000000000200       0x18 ./Core/Src/system_stm32f4xx.o
 .debug_ranges  0x0000000000000218       0x20 ./Core/Startup/startup_stm32f401ccux.o
 .debug_ranges  0x0000000000000238       0xe0 ./Drivers/STM32F4xx_HAL_Driver/Src/stm32f4xx_hal.o
 .debug_ranges  0x0000000000000318       0xd8 ./Drivers/STM32F4xx_HAL_Driver/Src/stm32f4xx_hal_adc.o
 .debug_ranges  0x00000000000003f0      0x108 ./Drivers/STM32F4xx_HAL_Driver/Src/stm32f4xx_hal_cortex.o
 .debug_ranges  0x00000000000004f8       0x80 ./Drivers/STM32F4xx_HAL_Driver/Src/stm32f4xx_hal_dma.o
 .debug_ranges  0x0000000000000578       0x48 ./Drivers/STM32F4xx_HAL_Driver/Src/stm32f4xx_hal_gpio.o
 .debug_ranges  0x00000000000005c0      0x2a8 ./Drivers/STM32F4xx_HAL_Driver/Src/stm32f4xx_hal_i2c.o
 .debug_ranges  0x0000000000000868       0x78 ./Drivers/STM32F4xx_HAL_Driver/Src/stm32f4xx_hal_rcc.o
 .debug_ranges  0x00000000000008e0      0x1c0 ./Drivers/STM32F4xx_HAL_Driver/Src/stm32f4xx_hal_spi.o
 .debug_ranges  0x0000000000000aa0      0x3c0 ./Drivers/STM32F4xx_HAL_Driver/Src/stm32f4xx_hal_tim.o
 .debug_ranges  0x0000000000000e60      0x220 ./Drivers/STM32F4xx_HAL_Driver/Src/stm32f4xx_hal_uart.o

.debug_macro    0x0000000000000000    0x17554
 .debug_macro   0x0000000000000000      0x228 ./Core/Src/main.o
 .debug_macro   0x0000000000000228      0xa78 ./Core/Src/main.o
 .debug_macro   0x0000000000000ca0      0x2ad ./Core/Src/main.o
 .debug_macro   0x0000000000000f4d       0x2e ./Core/Src/main.o
 .debug_macro   0x0000000000000f7b       0x28 ./Core/Src/main.o
 .debug_macro   0x0000000000000fa3       0x22 ./Core/Src/main.o
 .debug_macro   0x0000000000000fc5       0x8e ./Core/Src/main.o
 .debug_macro   0x0000000000001053       0x51 ./Core/Src/main.o
 .debug_macro   0x00000000000010a4      0x103 ./Core/Src/main.o
 .debug_macro   0x00000000000011a7       0x6a ./Core/Src/main.o
 .debug_macro   0x0000000000001211      0x1df ./Core/Src/main.o
 .debug_macro   0x00000000000013f0       0x1c ./Core/Src/main.o
 .debug_macro   0x000000000000140c       0x22 ./Core/Src/main.o
 .debug_macro   0x000000000000142e       0xd9 ./Core/Src/main.o
 .debug_macro   0x0000000000001507     0x102d ./Core/Src/main.o
 .debug_macro   0x0000000000002534      0x11f ./Core/Src/main.o
 .debug_macro   0x0000000000002653     0xb86c ./Core/Src/main.o
 .debug_macro   0x000000000000debf       0x6d ./Core/Src/main.o
 .debug_macro   0x000000000000df2c     0x367e ./Core/Src/main.o
 .debug_macro   0x00000000000115aa      0x174 ./Core/Src/main.o
 .debug_macro   0x000000000001171e       0x5c ./Core/Src/main.o
 .debug_macro   0x000000000001177a      0x416 ./Core/Src/main.o
 .debug_macro   0x0000000000011b90      0x9fe ./Core/Src/main.o
 .debug_macro   0x000000000001258e      0x115 ./Core/Src/main.o
 .debug_macro   0x00000000000126a3       0xf8 ./Core/Src/main.o
 .debug_macro   0x000000000001279b       0xa5 ./Core/Src/main.o
 .debug_macro   0x0000000000012840      0x15f ./Core/Src/main.o
 .debug_macro   0x000000000001299f      0x287 ./Core/Src/main.o
 .debug_macro   0x0000000000012c26       0x5f ./Core/Src/main.o
 .debug_macro   0x0000000000012c85      0x236 ./Core/Src/main.o
 .debug_macro   0x0000000000012ebb      0x9e1 ./Core/Src/main.o
 .debug_macro   0x000000000001389c      0x38b ./Core/Src/main.o
 .debug_macro   0x0000000000013c27      0x176 ./Core/Src/main.o
 .debug_macro   0x0000000000013d9d       0xf9 ./Core/Src/main.o
 .debug_macro   0x0000000000013e96      0x132 ./Core/Src/main.o
 .debug_macro   0x0000000000013fc8      0x23a ./Core/Src/main.o
 .debug_macro   0x0000000000014202       0x2e ./Core/Src/main.o
 .debug_macro   0x0000000000014230      0x1b5 ./Core/Src/main.o
 .debug_macro   0x00000000000143e5       0x22 ./Core/Src/main.o
 .debug_macro   0x0000000000014407       0xd6 ./Core/Src/main.o
 .debug_macro   0x00000000000144dd      0x11a ./Core/Src/main.o
 .debug_macro   0x00000000000145f7       0x85 ./Core/Src/main.o
 .debug_macro   0x000000000001467c       0x89 ./Core/Src/main.o
 .debug_macro   0x0000000000014705      0x225 ./Core/Src/main.o
 .debug_macro   0x000000000001492a      0x8e6 ./Core/Src/main.o
 .debug_macro   0x0000000000015210       0x47 ./Core/Src/main.o
 .debug_macro   0x0000000000015257      0x295 ./Core/Src/main.o
 .debug_macro   0x00000000000154ec      0x126 ./Core/Src/main.o
 .debug_macro   0x0000000000015612       0x82 ./Core/Src/main.o
 .debug_macro   0x0000000000015694      0x228 ./Core/Src/stm32f4xx_hal_msp.o
 .debug_macro   0x00000000000158bc      0x232 ./Core/Src/stm32f4xx_it.o
 .debug_macro   0x0000000000015aee      0x26a ./Core/Src/supperListList.o
 .debug_macro   0x0000000000015d58      0x219 ./Core/Src/system_stm32f4xx.o
 .debug_macro   0x0000000000015f71      0x279 ./Drivers/STM32F4xx_HAL_Driver/Src/stm32f4xx_hal.o
 .debug_macro   0x00000000000161ea      0x21a ./Drivers/STM32F4xx_HAL_Driver/Src/stm32f4xx_hal_adc.o
 .debug_macro   0x0000000000016404      0x219 ./Drivers/STM32F4xx_HAL_Driver/Src/stm32f4xx_hal_cortex.o
 .debug_macro   0x000000000001661d      0x21f ./Drivers/STM32F4xx_HAL_Driver/Src/stm32f4xx_hal_dma.o
 .debug_macro   0x000000000001683c      0x21f ./Drivers/STM32F4xx_HAL_Driver/Src/stm32f4xx_hal_gpio.o
 .debug_macro   0x0000000000016a5b      0x260 ./Drivers/STM32F4xx_HAL_Driver/Src/stm32f4xx_hal_i2c.o
 .debug_macro   0x0000000000016cbb      0x23d ./Drivers/STM32F4xx_HAL_Driver/Src/stm32f4xx_hal_rcc.o
 .debug_macro   0x0000000000016ef8      0x228 ./Drivers/STM32F4xx_HAL_Driver/Src/stm32f4xx_hal_spi.o
 .debug_macro   0x0000000000017120      0x21a ./Drivers/STM32F4xx_HAL_Driver/Src/stm32f4xx_hal_tim.o
 .debug_macro   0x000000000001733a      0x21a ./Drivers/STM32F4xx_HAL_Driver/Src/stm32f4xx_hal_uart.o

.debug_line     0x0000000000000000    0x1370a
 .debug_line    0x0000000000000000      0xa48 ./Core/Src/main.o
 .debug_line    0x0000000000000a48      0xa0b ./Core/Src/stm32f4xx_hal_msp.o
 .debug_line    0x0000000000001453      0x852 ./Core/Src/stm32f4xx_it.o
 .debug_line    0x0000000000001ca5      0xa26 ./Core/Src/supperListList.o
 .debug_line    0x00000000000026cb      0x7c8 ./Core/Src/system_stm32f4xx.o
 .debug_line    0x0000000000002e93       0x88 ./Core/Startup/startup_stm32f401ccux.o
 .debug_line    0x0000000000002f1b      0xa2e ./Drivers/STM32F4xx_HAL_Driver/Src/stm32f4xx_hal.o
 .debug_line    0x0000000000003949     0x11d8 ./Drivers/STM32F4xx_HAL_Driver/Src/stm32f4xx_hal_adc.o
 .debug_line    0x0000000000004b21      0xcdd ./Drivers/STM32F4xx_HAL_Driver/Src/stm32f4xx_hal_cortex.o
 .debug_line    0x00000000000057fe      0xf92 ./Drivers/STM32F4xx_HAL_Driver/Src/stm32f4xx_hal_dma.o
 .debug_line    0x0000000000006790      0xb66 ./Drivers/STM32F4xx_HAL_Driver/Src/stm32f4xx_hal_gpio.o
 .debug_line    0x00000000000072f6     0x39e3 ./Drivers/STM32F4xx_HAL_Driver/Src/stm32f4xx_hal_i2c.o
 .debug_line    0x000000000000acd9      0xdaa ./Drivers/STM32F4xx_HAL_Driver/Src/stm32f4xx_hal_rcc.o
 .debug_line    0x000000000000ba83     0x1cb8 ./Drivers/STM32F4xx_HAL_Driver/Src/stm32f4xx_hal_spi.o
 .debug_line    0x000000000000d73b     0x34fc ./Drivers/STM32F4xx_HAL_Driver/Src/stm32f4xx_hal_tim.o
 .debug_line    0x0000000000010c37     0x2ad3 ./Drivers/STM32F4xx_HAL_Driver/Src/stm32f4xx_hal_uart.o

.debug_str      0x0000000000000000    0x9952f
 .debug_str     0x0000000000000000    0x95824 ./Core/Src/main.o
                                      0x95be5 (size before relaxing)
 .debug_str     0x0000000000095824      0x12f ./Core/Src/stm32f4xx_hal_msp.o
                                      0x955b3 (size before relaxing)
 .debug_str     0x0000000000095953      0x132 ./Core/Src/stm32f4xx_it.o
                                      0x9497b (size before relaxing)
 .debug_str     0x0000000000095a85      0x3c4 ./Core/Src/supperListList.o
                                      0x949ab (size before relaxing)
 .debug_str     0x0000000000095e49       0xdb ./Core/Src/system_stm32f4xx.o
                                      0x944ed (size before relaxing)
 .debug_str     0x0000000000095f24       0x36 ./Core/Startup/startup_stm32f401ccux.o
                                         0x5a (size before relaxing)
 .debug_str     0x0000000000095f5a      0x60d ./Drivers/STM32F4xx_HAL_Driver/Src/stm32f4xx_hal.o
                                      0x94f0f (size before relaxing)
 .debug_str     0x0000000000096567      0x2cb ./Drivers/STM32F4xx_HAL_Driver/Src/stm32f4xx_hal_adc.o
                                      0x94ac8 (size before relaxing)
 .debug_str     0x0000000000096832      0x33a ./Drivers/STM32F4xx_HAL_Driver/Src/stm32f4xx_hal_cortex.o
                                      0x94c30 (size before relaxing)
 .debug_str     0x0000000000096b6c      0x2c7 ./Drivers/STM32F4xx_HAL_Driver/Src/stm32f4xx_hal_dma.o
                                      0x948f5 (size before relaxing)
 .debug_str     0x0000000000096e33      0x121 ./Drivers/STM32F4xx_HAL_Driver/Src/stm32f4xx_hal_gpio.o
                                      0x94668 (size before relaxing)
 .debug_str     0x0000000000096f54      0xab6 ./Drivers/STM32F4xx_HAL_Driver/Src/stm32f4xx_hal_i2c.o
                                      0x954ab (size before relaxing)
 .debug_str     0x0000000000097a0a      0x213 ./Drivers/STM32F4xx_HAL_Driver/Src/stm32f4xx_hal_rcc.o
                                      0x94921 (size before relaxing)
 .debug_str     0x0000000000097c1d      0x552 ./Drivers/STM32F4xx_HAL_Driver/Src/stm32f4xx_hal_spi.o
                                      0x94d9f (size before relaxing)
 .debug_str     0x000000000009816f      0xdd2 ./Drivers/STM32F4xx_HAL_Driver/Src/stm32f4xx_hal_tim.o
                                      0x95855 (size before relaxing)
 .debug_str     0x0000000000098f41      0x5ee ./Drivers/STM32F4xx_HAL_Driver/Src/stm32f4xx_hal_uart.o
                                      0x94eae (size before relaxing)

.comment        0x0000000000000000       0x50
 .comment       0x0000000000000000       0x50 ./Core/Src/main.o
                                         0x51 (size before relaxing)
 .comment       0x0000000000000050       0x51 ./Core/Src/stm32f4xx_hal_msp.o
 .comment       0x0000000000000050       0x51 ./Core/Src/stm32f4xx_it.o
 .comment       0x0000000000000050       0x51 ./Core/Src/supperListList.o
 .comment       0x0000000000000050       0x51 ./Core/Src/system_stm32f4xx.o
 .comment       0x0000000000000050       0x51 ./Drivers/STM32F4xx_HAL_Driver/Src/stm32f4xx_hal.o
 .comment       0x0000000000000050       0x51 ./Drivers/STM32F4xx_HAL_Driver/Src/stm32f4xx_hal_adc.o
 .comment       0x0000000000000050       0x51 ./Drivers/STM32F4xx_HAL_Driver/Src/stm32f4xx_hal_cortex.o
 .comment       0x0000000000000050       0x51 ./Drivers/STM32F4xx_HAL_Driver/Src/stm32f4xx_hal_dma.o
 .comment       0x0000000000000050       0x51 ./Drivers/STM32F4xx_HAL_Driver/Src/stm32f4xx_hal_gpio.o
 .comment       0x0000000000000050       0x51 ./Drivers/STM32F4xx_HAL_Driver/Src/stm32f4xx_hal_i2c.o
 .comment       0x0000000000000050       0x51 ./Drivers/STM32F4xx_HAL_Driver/Src/stm32f4xx_hal_rcc.o
 .comment       0x0000000000000050       0x51 ./Drivers/STM32F4xx_HAL_Driver/Src/stm32f4xx_hal_spi.o
 .comment       0x0000000000000050       0x51 ./Drivers/STM32F4xx_HAL_Driver/Src/stm32f4xx_hal_tim.o
 .comment       0x0000000000000050       0x51 ./Drivers/STM32F4xx_HAL_Driver/Src/stm32f4xx_hal_uart.o

.debug_frame    0x0000000000000000     0x4a64
 .debug_frame   0x0000000000000000      0x1a0 ./Core/Src/main.o
 .debug_frame   0x00000000000001a0      0x1cc ./Core/Src/stm32f4xx_hal_msp.o
 .debug_frame   0x000000000000036c      0x158 ./Core/Src/stm32f4xx_it.o
 .debug_frame   0x00000000000004c4      0x39c ./Core/Src/supperListList.o
 .debug_frame   0x0000000000000860       0x58 ./Core/Src/system_stm32f4xx.o
 .debug_frame   0x00000000000008b8      0x374 ./Drivers/STM32F4xx_HAL_Driver/Src/stm32f4xx_hal.o
 .debug_frame   0x0000000000000c2c      0x3fc ./Drivers/STM32F4xx_HAL_Driver/Src/stm32f4xx_hal_adc.o
 .debug_frame   0x0000000000001028      0x498 ./Drivers/STM32F4xx_HAL_Driver/Src/stm32f4xx_hal_cortex.o
 .debug_frame   0x00000000000014c0      0x250 ./Drivers/STM32F4xx_HAL_Driver/Src/stm32f4xx_hal_dma.o
 .debug_frame   0x0000000000001710      0x14c ./Drivers/STM32F4xx_HAL_Driver/Src/stm32f4xx_hal_gpio.o
 .debug_frame   0x000000000000185c      0xc5c ./Drivers/STM32F4xx_HAL_Driver/Src/stm32f4xx_hal_i2c.o
 .debug_frame   0x00000000000024b8      0x1f4 ./Drivers/STM32F4xx_HAL_Driver/Src/stm32f4xx_hal_rcc.o
 .debug_frame   0x00000000000026ac      0x824 ./Drivers/STM32F4xx_HAL_Driver/Src/stm32f4xx_hal_spi.o
 .debug_frame   0x0000000000002ed0     0x11bc ./Drivers/STM32F4xx_HAL_Driver/Src/stm32f4xx_hal_tim.o
 .debug_frame   0x000000000000408c      0x92c ./Drivers/STM32F4xx_HAL_Driver/Src/stm32f4xx_hal_uart.o
 .debug_frame   0x00000000000049b8       0x2c c:/st/stm32cubeide_1.9.0/stm32cubeide/plugins/com.st.stm32cube.ide.mcu.externaltools.gnu-tools-for-stm32.10.3-2021.10.win32_1.0.0.202111181127/tools/bin/../lib/gcc/arm-none-eabi/10.3.1/../../../../arm-none-eabi/lib/thumb/v7e-m+fp/hard\libc_nano.a(lib_a-init.o)
 .debug_frame   0x00000000000049e4       0x20 c:/st/stm32cubeide_1.9.0/stm32cubeide/plugins/com.st.stm32cube.ide.mcu.externaltools.gnu-tools-for-stm32.10.3-2021.10.win32_1.0.0.202111181127/tools/bin/../lib/gcc/arm-none-eabi/10.3.1/../../../../arm-none-eabi/lib/thumb/v7e-m+fp/hard\libc_nano.a(lib_a-memset.o)
 .debug_frame   0x0000000000004a04       0x2c c:/st/stm32cubeide_1.9.0/stm32cubeide/plugins/com.st.stm32cube.ide.mcu.externaltools.gnu-tools-for-stm32.10.3-2021.10.win32_1.0.0.202111181127/tools/bin/../lib/gcc/arm-none-eabi/10.3.1/thumb/v7e-m+fp/hard\libgcc.a(_aeabi_uldivmod.o)
 .debug_frame   0x0000000000004a30       0x34 c:/st/stm32cubeide_1.9.0/stm32cubeide/plugins/com.st.stm32cube.ide.mcu.externaltools.gnu-tools-for-stm32.10.3-2021.10.win32_1.0.0.202111181127/tools/bin/../lib/gcc/arm-none-eabi/10.3.1/thumb/v7e-m+fp/hard\libgcc.a(_udivmoddi4.o)
