../Core/Src/main.c:87:5:main	8	static
../Core/Src/main.c:140:6:SystemClock_Config	88	static
../Core/Src/main.c:187:13:MX_ADC1_Init	24	static
../Core/Src/main.c:248:13:MX_I2C1_Init	8	static
../Core/Src/main.c:282:13:MX_I2C2_Init	8	static
../Core/Src/main.c:316:13:MX_I2C3_Init	8	static
../Core/Src/main.c:350:13:MX_SPI2_Init	8	static
../Core/Src/main.c:388:13:MX_TIM9_Init	40	static
../Core/Src/main.c:434:13:MX_USART1_UART_Init	8	static
../Core/Src/main.c:467:13:MX_USART6_UART_Init	8	static
../Core/Src/main.c:498:13:MX_DMA_Init	16	static
../Core/Src/main.c:522:13:MX_GPIO_Init	40	static
../Core/Src/main.c:569:6:Error_Handler	4	static,ignoring_inline_asm
