../Core/Src/supperListList.c:32:14:SupPreSwitchCase	16	static
../Core/Src/supperListList.c:74:6:SupTimeCntFun	16	static
../Core/Src/supperListList.c:90:6:SuperRunSequence	16	static
../Core/Src/supperListList.c:137:6:ListListA1FirstInFun	16	static
../Core/Src/supperListList.c:141:6:ListListA1internalFun	16	static
../Core/Src/supperListList.c:146:6:ListListA1GowhereJudgeFun	16	static
../Core/Src/supperListList.c:152:6:ListListA2FirstInFun	16	static
../Core/Src/supperListList.c:156:6:ListListA2internalFun	16	static
../Core/Src/supperListList.c:161:6:ListListA2GowhereJudgeFun	16	static
../Core/Src/supperListList.c:169:6:ListListA3FirstInFun	16	static
../Core/Src/supperListList.c:173:6:ListListA3internalFun	16	static
../Core/Src/supperListList.c:178:6:ListListA3GowhereJudgeFun	16	static
../Core/Src/supperListList.c:192:14:supperTaskA	16	static
../Core/Src/supperListList.c:233:6:ListListB1FirstInFun	16	static
../Core/Src/supperListList.c:237:6:ListListB1internalFun	16	static
../Core/Src/supperListList.c:242:6:ListListB1GowhereJudgeFun	16	static
../Core/Src/supperListList.c:248:6:ListListB2FirstInFun	16	static
../Core/Src/supperListList.c:252:6:ListListB2internalFun	16	static
../Core/Src/supperListList.c:257:6:ListListB2GowhereJudgeFun	16	static
../Core/Src/supperListList.c:265:6:ListListB3FirstInFun	16	static
../Core/Src/supperListList.c:269:6:ListListB3internalFun	16	static
../Core/Src/supperListList.c:274:6:ListListB3GowhereJudgeFun	16	static
../Core/Src/supperListList.c:287:14:supperTaskB	16	static
