###############################################################################
#
# IAR ELF Linker V9.10.2.313/W64 for ARM                  27/Apr/2022  21:40:23
# Copyright 2007-2021 IAR Systems AB.
#
#    Output file  =  C:\ProgramPro\supperlist\tPen\EWARM\tPen\Exe\tPen.out
#    Map file     =  C:\ProgramPro\supperlist\tPen\EWARM\tPen\List\tPen.map
#    Command line =
#        -f C:\ProgramPro\supperlist\tPen\EWARM\tPen\List\tPen.map.rsp
#        (C:\ProgramPro\supperlist\tPen\EWARM\tPen\Obj\Application\User\Core\main.o
#        C:\ProgramPro\supperlist\tPen\EWARM\tPen\Obj\Application\EWARM\startup_stm32f401xc.o
#        C:\ProgramPro\supperlist\tPen\EWARM\tPen\Obj\Drivers\STM32F4xx_HAL_Driver\stm32f4xx_hal.o
#        C:\ProgramPro\supperlist\tPen\EWARM\tPen\Obj\Drivers\STM32F4xx_HAL_Driver\stm32f4xx_hal_adc.o
#        C:\ProgramPro\supperlist\tPen\EWARM\tPen\Obj\Drivers\STM32F4xx_HAL_Driver\stm32f4xx_hal_adc_ex.o
#        C:\ProgramPro\supperlist\tPen\EWARM\tPen\Obj\Drivers\STM32F4xx_HAL_Driver\stm32f4xx_hal_cortex.o
#        C:\ProgramPro\supperlist\tPen\EWARM\tPen\Obj\Drivers\STM32F4xx_HAL_Driver\stm32f4xx_hal_dma.o
#        C:\ProgramPro\supperlist\tPen\EWARM\tPen\Obj\Drivers\STM32F4xx_HAL_Driver\stm32f4xx_hal_dma_ex.o
#        C:\ProgramPro\supperlist\tPen\EWARM\tPen\Obj\Drivers\STM32F4xx_HAL_Driver\stm32f4xx_hal_exti.o
#        C:\ProgramPro\supperlist\tPen\EWARM\tPen\Obj\Drivers\STM32F4xx_HAL_Driver\stm32f4xx_hal_flash.o
#        C:\ProgramPro\supperlist\tPen\EWARM\tPen\Obj\Drivers\STM32F4xx_HAL_Driver\stm32f4xx_hal_flash_ex.o
#        C:\ProgramPro\supperlist\tPen\EWARM\tPen\Obj\Drivers\STM32F4xx_HAL_Driver\stm32f4xx_hal_flash_ramfunc.o
#        C:\ProgramPro\supperlist\tPen\EWARM\tPen\Obj\Drivers\STM32F4xx_HAL_Driver\stm32f4xx_hal_gpio.o
#        C:\ProgramPro\supperlist\tPen\EWARM\tPen\Obj\Drivers\STM32F4xx_HAL_Driver\stm32f4xx_hal_i2c.o
#        C:\ProgramPro\supperlist\tPen\EWARM\tPen\Obj\Drivers\STM32F4xx_HAL_Driver\stm32f4xx_hal_i2c_ex.o
#        C:\ProgramPro\supperlist\tPen\EWARM\tPen\Obj\Application\User\Core\stm32f4xx_hal_msp.o
#        C:\ProgramPro\supperlist\tPen\EWARM\tPen\Obj\Drivers\STM32F4xx_HAL_Driver\stm32f4xx_hal_pwr.o
#        C:\ProgramPro\supperlist\tPen\EWARM\tPen\Obj\Drivers\STM32F4xx_HAL_Driver\stm32f4xx_hal_pwr_ex.o
#        C:\ProgramPro\supperlist\tPen\EWARM\tPen\Obj\Drivers\STM32F4xx_HAL_Driver\stm32f4xx_hal_rcc.o
#        C:\ProgramPro\supperlist\tPen\EWARM\tPen\Obj\Drivers\STM32F4xx_HAL_Driver\stm32f4xx_hal_rcc_ex.o
#        C:\ProgramPro\supperlist\tPen\EWARM\tPen\Obj\Drivers\STM32F4xx_HAL_Driver\stm32f4xx_hal_spi.o
#        C:\ProgramPro\supperlist\tPen\EWARM\tPen\Obj\Drivers\STM32F4xx_HAL_Driver\stm32f4xx_hal_tim.o
#        C:\ProgramPro\supperlist\tPen\EWARM\tPen\Obj\Drivers\STM32F4xx_HAL_Driver\stm32f4xx_hal_tim_ex.o
#        C:\ProgramPro\supperlist\tPen\EWARM\tPen\Obj\Drivers\STM32F4xx_HAL_Driver\stm32f4xx_hal_uart.o
#        C:\ProgramPro\supperlist\tPen\EWARM\tPen\Obj\Application\User\Core\stm32f4xx_it.o
#        C:\ProgramPro\supperlist\tPen\EWARM\tPen\Obj\Drivers\STM32F4xx_HAL_Driver\stm32f4xx_ll_adc.o
#        C:\ProgramPro\supperlist\tPen\EWARM\tPen\Obj\Application\User\Core\supperListList.o
#        C:\ProgramPro\supperlist\tPen\EWARM\tPen\Obj\Drivers\CMSIS\system_stm32f4xx.o
#        --no_out_extension -o
#        C:\ProgramPro\supperlist\tPen\EWARM\tPen\Exe\tPen.out --redirect
#        _Printf=_PrintfFullNoMb --redirect _Scanf=_ScanfFullNoMb --map
#        C:\ProgramPro\supperlist\tPen\EWARM\tPen\List\tPen.map --config
#        C:\ProgramPro\supperlist\tPen\EWARM/stm32f401xc_flash.icf
#        --semihosting --entry __iar_program_start --vfe --text_out locale)
#
###############################################################################

*******************************************************************************
*** RUNTIME MODEL ATTRIBUTES
***

CppFlavor       = *
__SystemLibrary = DLib
__dlib_version  = 6


*******************************************************************************
*** HEAP SELECTION
***

The basic heap was selected because no calls to memory allocation
functions were found in the application outside of system library
functions, and there are calls to deallocation functions in the
application.


*******************************************************************************
*** PLACEMENT SUMMARY
***

"A0":  place at address 0x800'0000 { ro section .intvec };
"P1":  place in [from 0x800'0000 to 0x803'ffff] { ro };
define block CSTACK with size = 1K, alignment = 8 { };
define block HEAP with size = 512, alignment = 8 { };
"P2":  place in [from 0x2000'0000 to 0x2000'ffff] {
          rw, block CSTACK, block HEAP };
initialize by copy { rw };

  Section            Kind         Address    Size  Object
  -------            ----         -------    ----  ------
"A0":                                       0x194
  .intvec            ro code   0x800'0000   0x194  startup_stm32f401xc.o [1]
                             - 0x800'0194   0x194

"P1":                                      0x2ecd
  .text              ro code   0x800'0194   0x5b4  stm32f4xx_hal_msp.o [2]
  .text              ro code   0x800'0748    0x14  memset.o [7]
  .text              ro code   0x800'075c   0x250  stm32f4xx_hal_gpio.o [4]
  .text              ro code   0x800'09ac   0x3c4  stm32f4xx_hal_dma.o [4]
  .text              ro code   0x800'0d70   0x59c  main.o [2]
  .text              ro code   0x800'130c    0x66  ABImemset.o [7]
  .text              ro code   0x800'1374     0xc  stm32f4xx_hal.o [4]
  .text              ro code   0x800'1380    0x40  stm32f4xx_hal.o [4]
  .text              ro code   0x800'13c0   0x300  supperListList.o [2]
  .text              ro code   0x800'16c0   0x41c  stm32f4xx_hal_rcc.o [4]
  .text              ro code   0x800'1adc   0x19c  stm32f4xx_hal_rcc.o [4]
  .text              ro code   0x800'1c78   0x354  stm32f4xx_hal_adc.o [4]
  .text              ro code   0x800'1fcc   0x1f4  stm32f4xx_hal_i2c.o [4]
  .text              ro code   0x800'21c0    0xce  stm32f4xx_hal_spi.o [4]
  .text              ro code   0x800'2290   0x370  stm32f4xx_hal_tim.o [4]
  .text              ro code   0x800'2600   0x244  stm32f4xx_hal_uart.o [4]
  .text              ro code   0x800'2844   0x15c  stm32f4xx_hal_cortex.o [4]
  .text              ro code   0x800'29a0    0x4c  stm32f4xx_hal.o [4]
  .text              ro code   0x800'29ec    0x94  stm32f4xx_hal_rcc.o [4]
  .text              ro code   0x800'2a80   0x230  I64DivMod.o [7]
  .text              ro code   0x800'2cb0     0x2  I64DivZer.o [7]
  .text              ro code   0x800'2cb2    0x78  lz77_init_single.o [7]
  .text              ro code   0x800'2d2c    0x48  stm32f4xx_it.o [2]
  .text              ro code   0x800'2d74    0x18  stm32f4xx_hal.o [4]
  .text              ro code   0x800'2d8c    0x38  zero_init3.o [7]
  .text              ro code   0x800'2dc4    0x28  data_init.o [7]
  .text              ro code   0x800'2dec    0x22  fpinit_M.o [6]
  .iar.init_table    const     0x800'2e10    0x20  - Linker created -
  .text              ro code   0x800'2e30    0x1e  cmain.o [7]
  .text              ro code   0x800'2e4e     0x4  low_level_init.o [5]
  .text              ro code   0x800'2e52     0x4  exit.o [5]
  .text              ro code   0x800'2e58     0xa  cexit.o [7]
  .text              ro code   0x800'2e64    0x14  exit.o [8]
  .text              ro code   0x800'2e78    0x1c  cstartup_M.o [7]
  .text              ro code   0x800'2e94    0x14  system_stm32f4xx.o [3]
  .rodata            const     0x800'2ea8    0x10  system_stm32f4xx.o [3]
  .text              ro code   0x800'2eb8    0x10  startup_stm32f401xc.o [1]
  .rodata            const     0x800'2ec8     0x8  stm32f4xx_hal_dma.o [4]
  .rodata            const     0x800'2ed0     0x8  supperListList.o [2]
  .rodata            const     0x800'2ed8     0x8  supperListList.o [2]
  .rodata            const     0x800'2ee0     0x8  supperListList.o [2]
  .rodata            const     0x800'2ee8     0x8  supperListList.o [2]
  .rodata            const     0x800'2ef0     0x8  supperListList.o [2]
  .rodata            const     0x800'2ef8     0x8  supperListList.o [2]
  .rodata            const     0x800'2f00     0x8  supperListList.o [2]
  .rodata            const     0x800'2f08     0x8  supperListList.o [2]
  .rodata            const     0x800'2f10     0x8  system_stm32f4xx.o [3]
  .text              ro code   0x800'2f18     0x4  startup_stm32f401xc.o [1]
  .text              ro code   0x800'2f1c     0x4  startup_stm32f401xc.o [1]
  .text              ro code   0x800'2f20     0x4  startup_stm32f401xc.o [1]
  .text              ro code   0x800'2f24     0x4  startup_stm32f401xc.o [1]
  .text              ro code   0x800'2f28     0x4  startup_stm32f401xc.o [1]
  .text              ro code   0x800'2f2c     0x4  startup_stm32f401xc.o [1]
  .text              ro code   0x800'2f30     0x4  startup_stm32f401xc.o [1]
  .text              ro code   0x800'2f34     0x4  startup_stm32f401xc.o [1]
  .text              ro code   0x800'2f38     0x4  startup_stm32f401xc.o [1]
  .text              ro code   0x800'2f3c     0x4  startup_stm32f401xc.o [1]
  .text              ro code   0x800'2f40     0x4  startup_stm32f401xc.o [1]
  .text              ro code   0x800'2f44     0x4  startup_stm32f401xc.o [1]
  .text              ro code   0x800'2f48     0x4  startup_stm32f401xc.o [1]
  .text              ro code   0x800'2f4c     0x4  startup_stm32f401xc.o [1]
  .text              ro code   0x800'2f50     0x4  startup_stm32f401xc.o [1]
  .text              ro code   0x800'2f54     0x4  startup_stm32f401xc.o [1]
  .text              ro code   0x800'2f58     0x4  startup_stm32f401xc.o [1]
  .text              ro code   0x800'2f5c     0x4  startup_stm32f401xc.o [1]
  .text              ro code   0x800'2f60     0x4  startup_stm32f401xc.o [1]
  .text              ro code   0x800'2f64     0x4  startup_stm32f401xc.o [1]
  .text              ro code   0x800'2f68     0x4  startup_stm32f401xc.o [1]
  .text              ro code   0x800'2f6c     0x4  startup_stm32f401xc.o [1]
  .text              ro code   0x800'2f70     0x4  startup_stm32f401xc.o [1]
  .text              ro code   0x800'2f74     0x4  startup_stm32f401xc.o [1]
  .text              ro code   0x800'2f78     0x4  startup_stm32f401xc.o [1]
  .text              ro code   0x800'2f7c     0x4  startup_stm32f401xc.o [1]
  .text              ro code   0x800'2f80     0x4  startup_stm32f401xc.o [1]
  .text              ro code   0x800'2f84     0x4  startup_stm32f401xc.o [1]
  .text              ro code   0x800'2f88     0x4  startup_stm32f401xc.o [1]
  .text              ro code   0x800'2f8c     0x4  startup_stm32f401xc.o [1]
  .text              ro code   0x800'2f90     0x4  startup_stm32f401xc.o [1]
  .text              ro code   0x800'2f94     0x4  startup_stm32f401xc.o [1]
  .text              ro code   0x800'2f98     0x4  startup_stm32f401xc.o [1]
  .text              ro code   0x800'2f9c     0x4  startup_stm32f401xc.o [1]
  .text              ro code   0x800'2fa0     0x4  startup_stm32f401xc.o [1]
  .text              ro code   0x800'2fa4     0x4  startup_stm32f401xc.o [1]
  .text              ro code   0x800'2fa8     0x4  startup_stm32f401xc.o [1]
  .text              ro code   0x800'2fac     0x4  startup_stm32f401xc.o [1]
  .text              ro code   0x800'2fb0     0x4  startup_stm32f401xc.o [1]
  .text              ro code   0x800'2fb4     0x4  startup_stm32f401xc.o [1]
  .text              ro code   0x800'2fb8     0x4  startup_stm32f401xc.o [1]
  .text              ro code   0x800'2fbc     0x4  startup_stm32f401xc.o [1]
  .text              ro code   0x800'2fc0     0x4  startup_stm32f401xc.o [1]
  .text              ro code   0x800'2fc4     0x4  startup_stm32f401xc.o [1]
  .text              ro code   0x800'2fc8     0x4  startup_stm32f401xc.o [1]
  .text              ro code   0x800'2fcc     0x4  startup_stm32f401xc.o [1]
  .text              ro code   0x800'2fd0     0x4  startup_stm32f401xc.o [1]
  .text              ro code   0x800'2fd4     0x4  startup_stm32f401xc.o [1]
  .text              ro code   0x800'2fd8     0x4  startup_stm32f401xc.o [1]
  .text              ro code   0x800'2fdc     0x4  startup_stm32f401xc.o [1]
  .text              ro code   0x800'2fe0     0x4  startup_stm32f401xc.o [1]
  .text              ro code   0x800'2fe4     0x4  startup_stm32f401xc.o [1]
  .text              ro code   0x800'2fe8     0x4  startup_stm32f401xc.o [1]
  .rodata            const     0x800'2fec     0x0  zero_init3.o [7]
  .rodata            const     0x800'2fec     0x0  lz77_init_single.o [7]
  Initializer bytes  const     0x800'2fec    0x75  <for P2-1>
                             - 0x800'3061  0x2ecd

"P2", part 1 of 3:                           0xc9
  P2-1                        0x2000'0000    0xc9  <Init block>
    .data            inited   0x2000'0000     0x4  stm32f4xx_hal.o [4]
    .data            inited   0x2000'0004    0x30  supperListList.o [2]
    .data            inited   0x2000'0034    0x48  supperListList.o [2]
    .data            inited   0x2000'007c    0x48  supperListList.o [2]
    .data            inited   0x2000'00c4     0x4  system_stm32f4xx.o [3]
    .data            inited   0x2000'00c8     0x1  stm32f4xx_hal.o [4]
                            - 0x2000'00c9    0xc9

"P2", part 2 of 3:                          0x394
  .bss               zero     0x2000'00cc    0x60  main.o [2]
  .bss               zero     0x2000'012c    0x60  main.o [2]
  .bss               zero     0x2000'018c    0x60  main.o [2]
  .bss               zero     0x2000'01ec    0x58  main.o [2]
  .bss               zero     0x2000'0244    0x54  main.o [2]
  .bss               zero     0x2000'0298    0x54  main.o [2]
  .bss               zero     0x2000'02ec    0x54  main.o [2]
  .bss               zero     0x2000'0340    0x48  main.o [2]
  .bss               zero     0x2000'0388    0x48  main.o [2]
  .bss               zero     0x2000'03d0    0x44  main.o [2]
  .bss               zero     0x2000'0414    0x44  main.o [2]
  .bss               zero     0x2000'0458     0x4  stm32f4xx_hal.o [4]
  .bss               zero     0x2000'045c     0x2  supperListList.o [2]
  .bss               zero     0x2000'045e     0x2  supperListList.o [2]
                            - 0x2000'0460   0x394

"P2", part 3 of 3:                          0x400
  CSTACK                      0x2000'0460   0x400  <Block>
    CSTACK           uninit   0x2000'0460   0x400  <Block tail>
                            - 0x2000'0860   0x400

Unused ranges:

         From           To      Size
         ----           --      ----
   0x800'3061   0x803'ffff  0x3'cf9f
  0x2000'00c9  0x2000'00cb       0x3
  0x2000'0860  0x2000'ffff    0xf7a0


*******************************************************************************
*** INIT TABLE
***

          Address      Size
          -------      ----
Zero (__iar_zero_init3)
    1 destination range, total size 0x394:
          0x2000'00cc  0x394

Copy/lz77 (__iar_lz77_init_single3)
    1 source range, total size 0x75 (58% of destination):
           0x800'2fec   0x75
    1 destination range, total size 0xc9:
          0x2000'0000   0xc9



*******************************************************************************
*** MODULE SUMMARY
***

    Module                  ro code  ro data  rw data
    ------                  -------  -------  -------
command line/config:
    -------------------------------------------------
    Total:

C:\ProgramPro\supperlist\tPen\EWARM\tPen\Obj\Application\EWARM: [1]
    startup_stm32f401xc.o       632
    -------------------------------------------------
    Total:                      632

C:\ProgramPro\supperlist\tPen\EWARM\tPen\Obj\Application\User\Core: [2]
    main.o                    1'436               908
    stm32f4xx_hal_msp.o       1'460
    stm32f4xx_it.o               72
    supperListList.o            768      176      196
    -------------------------------------------------
    Total:                    3'736      176    1'104

C:\ProgramPro\supperlist\tPen\EWARM\tPen\Obj\Drivers\CMSIS: [3]
    system_stm32f4xx.o           20       26        4
    -------------------------------------------------
    Total:                       20       26        4

C:\ProgramPro\supperlist\tPen\EWARM\tPen\Obj\Drivers\STM32F4xx_HAL_Driver: [4]
    stm32f4xx_hal.o             176        3        9
    stm32f4xx_hal_adc.o         852
    stm32f4xx_hal_cortex.o      348
    stm32f4xx_hal_dma.o         964        8
    stm32f4xx_hal_gpio.o        592
    stm32f4xx_hal_i2c.o         500
    stm32f4xx_hal_rcc.o       1'612
    stm32f4xx_hal_spi.o         206
    stm32f4xx_hal_tim.o         880
    stm32f4xx_hal_uart.o        580
    -------------------------------------------------
    Total:                    6'710       11        9

dl7M_tln.a: [5]
    exit.o                        4
    low_level_init.o              4
    -------------------------------------------------
    Total:                        8

m7M_tls.a: [6]
    fpinit_M.o                   34
    -------------------------------------------------
    Total:                       34

rt7M_tl.a: [7]
    ABImemset.o                 102
    I64DivMod.o                 560
    I64DivZer.o                   2
    cexit.o                      10
    cmain.o                      30
    cstartup_M.o                 28
    data_init.o                  40
    lz77_init_single.o          120
    memset.o                     20
    zero_init3.o                 56
    -------------------------------------------------
    Total:                      968

shb_l.a: [8]
    exit.o                       20
    -------------------------------------------------
    Total:                       20

    Gaps                         10        2
    Linker created                        32    1'024
-----------------------------------------------------
    Grand Total:             12'138      247    2'141


*******************************************************************************
*** ENTRY LIST
***

Entry                       Address   Size  Type      Object
-----                       -------   ----  ----      ------
.iar.init_table$$Base    0x800'2e10          --   Gb  - Linker created -
.iar.init_table$$Limit   0x800'2e30          --   Gb  - Linker created -
?main                    0x800'2e31         Code  Gb  cmain.o [7]
ADC_Init                 0x800'1e5d  0x15a  Code  Lc  stm32f4xx_hal_adc.o [4]
AHBPrescTable            0x800'2ea8   0x10  Data  Gb  system_stm32f4xx.o [3]
APBPrescTable            0x800'2f10    0x8  Data  Gb  system_stm32f4xx.o [3]
BusFault_Handler         0x800'2d33    0x2  Code  Gb  stm32f4xx_it.o [2]
CSTACK$$Base            0x2000'0460          --   Gb  - Linker created -
CSTACK$$Limit           0x2000'0860          --   Gb  - Linker created -
DMA2_Stream0_IRQHandler
                         0x800'2d49    0xa  Code  Gb  stm32f4xx_it.o [2]
DMA2_Stream1_IRQHandler
                         0x800'2d53    0xa  Code  Gb  stm32f4xx_it.o [2]
DMA2_Stream2_IRQHandler
                         0x800'2d5d    0xa  Code  Gb  stm32f4xx_it.o [2]
DMA_CalcBaseAndBitshift
                         0x800'0c97   0x30  Code  Lc  stm32f4xx_hal_dma.o [4]
DMA_CalcBaseAndBitshift::flagBitshiftOffset
                         0x800'2ec8    0x8  Data  Lc  stm32f4xx_hal_dma.o [4]
DMA_CheckFifoParam       0x800'0cd5   0x9c  Code  Lc  stm32f4xx_hal_dma.o [4]
DebugMon_Handler         0x800'2d39    0x2  Code  Gb  stm32f4xx_it.o [2]
Error_Handler            0x800'1309    0x4  Code  Gb  main.o [2]
HAL_ADC_ConfigChannel    0x800'1cdf  0x17e  Code  Gb  stm32f4xx_hal_adc.o [4]
HAL_ADC_Init             0x800'1c79   0x66  Code  Gb  stm32f4xx_hal_adc.o [4]
HAL_ADC_MspInit          0x800'01df   0xee  Code  Gb  stm32f4xx_hal_msp.o [2]
HAL_DMA_IRQHandler       0x800'0a8f  0x208  Code  Gb  stm32f4xx_hal_dma.o [4]
HAL_DMA_Init             0x800'09ad   0xe2  Code  Gb  stm32f4xx_hal_dma.o [4]
HAL_GPIO_Init            0x800'075d  0x208  Code  Gb  stm32f4xx_hal_gpio.o [4]
HAL_GPIO_WritePin        0x800'0965   0x1a  Code  Gb  stm32f4xx_hal_gpio.o [4]
HAL_GetTick              0x800'1375    0xc  Code  Gb  stm32f4xx_hal.o [4]
HAL_I2C_Init             0x800'1fcd  0x1da  Code  Gb  stm32f4xx_hal_i2c.o [4]
HAL_I2C_MspInit          0x800'02cd  0x1c0  Code  Gb  stm32f4xx_hal_msp.o [2]
HAL_IncTick              0x800'2d75   0x18  Code  Gb  stm32f4xx_hal.o [4]
HAL_Init                 0x800'1381   0x3a  Code  Gb  stm32f4xx_hal.o [4]
HAL_InitTick             0x800'29a1   0x4c  Code  Gb  stm32f4xx_hal.o [4]
HAL_MspInit              0x800'0195   0x4a  Code  Gb  stm32f4xx_hal_msp.o [2]
HAL_NVIC_EnableIRQ       0x800'2967    0xe  Code  Gb  stm32f4xx_hal_cortex.o [4]
HAL_NVIC_SetPriority     0x800'293d   0x2a  Code  Gb  stm32f4xx_hal_cortex.o [4]
HAL_NVIC_SetPriorityGrouping
                         0x800'2931    0xc  Code  Gb  stm32f4xx_hal_cortex.o [4]
HAL_RCC_ClockConfig      0x800'1add  0x14c  Code  Gb  stm32f4xx_hal_rcc.o [4]
HAL_RCC_GetHCLKFreq      0x800'1c29    0x6  Code  Gb  stm32f4xx_hal_rcc.o [4]
HAL_RCC_GetPCLK1Freq     0x800'1c2f   0x16  Code  Gb  stm32f4xx_hal_rcc.o [4]
HAL_RCC_GetPCLK2Freq     0x800'1c45   0x16  Code  Gb  stm32f4xx_hal_rcc.o [4]
HAL_RCC_GetSysClockFreq
                         0x800'29ed   0x94  Code  Gb  stm32f4xx_hal_rcc.o [4]
HAL_RCC_OscConfig        0x800'16c1  0x41c  Code  Gb  stm32f4xx_hal_rcc.o [4]
HAL_SPI_Init             0x800'21c1   0xce  Code  Gb  stm32f4xx_hal_spi.o [4]
HAL_SPI_MspInit          0x800'048d   0x72  Code  Gb  stm32f4xx_hal_msp.o [2]
HAL_SYSTICK_Config       0x800'2975    0xc  Code  Gb  stm32f4xx_hal_cortex.o [4]
HAL_TIM_MspPostInit      0x800'0529   0x54  Code  Gb  stm32f4xx_hal_msp.o [2]
HAL_TIM_PWM_ConfigChannel
                         0x800'22ff   0xfc  Code  Gb  stm32f4xx_hal_tim.o [4]
HAL_TIM_PWM_Init         0x800'2291   0x6e  Code  Gb  stm32f4xx_hal_tim.o [4]
HAL_TIM_PWM_MspInit      0x800'04ff   0x2a  Code  Gb  stm32f4xx_hal_msp.o [2]
HAL_UART_Init            0x800'2601   0x76  Code  Gb  stm32f4xx_hal_uart.o [4]
HAL_UART_MspInit         0x800'057d  0x17e  Code  Gb  stm32f4xx_hal_msp.o [2]
HardFault_Handler        0x800'2d2f    0x2  Code  Gb  stm32f4xx_it.o [2]
MX_ADC1_Init             0x800'0e65   0xc0  Code  Lc  main.o [2]
MX_DMA_Init              0x800'118d   0x50  Code  Lc  main.o [2]
MX_GPIO_Init             0x800'11dd   0xcc  Code  Lc  main.o [2]
MX_I2C1_Init             0x800'0f25   0x62  Code  Lc  main.o [2]
MX_I2C2_Init             0x800'0f87   0x56  Code  Lc  main.o [2]
MX_I2C3_Init             0x800'0fdd   0x4a  Code  Lc  main.o [2]
MX_SPI2_Init             0x800'1027   0x5e  Code  Lc  main.o [2]
MX_TIM9_Init             0x800'1085   0x80  Code  Lc  main.o [2]
MX_USART1_UART_Init      0x800'1105   0x44  Code  Lc  main.o [2]
MX_USART6_UART_Init      0x800'1149   0x44  Code  Lc  main.o [2]
MemManage_Handler        0x800'2d31    0x2  Code  Gb  stm32f4xx_it.o [2]
NMI_Handler              0x800'2d2d    0x2  Code  Gb  stm32f4xx_it.o [2]
NVIC_EncodePriority      0x800'28bf   0x42  Code  Lc  stm32f4xx_hal_cortex.o [4]
PendSV_Handler           0x800'2d3b    0x2  Code  Gb  stm32f4xx_it.o [2]
Region$$Table$$Base      0x800'2e10          --   Gb  - Linker created -
Region$$Table$$Limit     0x800'2e30          --   Gb  - Linker created -
SVC_Handler              0x800'2d37    0x2  Code  Gb  stm32f4xx_it.o [2]
SupTimeCntFun            0x800'1441   0x38  Code  Gb  supperListList.o [2]
SuperRunSequence         0x800'1479   0x2e  Code  Gb  supperListList.o [2]
SupperGeneralSch         0x800'14a7  0x20e  Code  Gb  supperListList.o [2]
SysTick_Config           0x800'2901   0x30  Code  Lc  stm32f4xx_hal_cortex.o [4]
SysTick_Handler          0x800'2d3d    0xc  Code  Gb  stm32f4xx_it.o [2]
SystemClock_Config       0x800'0da9   0xbc  Code  Gb  main.o [2]
SystemCoreClock         0x2000'00c4    0x4  Data  Gb  system_stm32f4xx.o [3]
SystemInit               0x800'2e95    0xe  Code  Gb  system_stm32f4xx.o [3]
TIM_Base_SetConfig       0x800'23fb   0x84  Code  Gb  stm32f4xx_hal_tim.o [4]
TIM_OC1_SetConfig        0x800'247f   0x5a  Code  Lc  stm32f4xx_hal_tim.o [4]
TIM_OC2_SetConfig        0x800'24d9   0x64  Code  Gb  stm32f4xx_hal_tim.o [4]
TIM_OC3_SetConfig        0x800'253d   0x62  Code  Lc  stm32f4xx_hal_tim.o [4]
TIM_OC4_SetConfig        0x800'259f   0x46  Code  Lc  stm32f4xx_hal_tim.o [4]
UART_SetConfig           0x800'2677  0x1c0  Code  Lc  stm32f4xx_hal_uart.o [4]
UsageFault_Handler       0x800'2d35    0x2  Code  Gb  stm32f4xx_it.o [2]
__NVIC_EnableIRQ         0x800'2873   0x20  Code  Lc  stm32f4xx_hal_cortex.o [4]
__NVIC_GetPriorityGrouping
                         0x800'2867    0xc  Code  Lc  stm32f4xx_hal_cortex.o [4]
__NVIC_SetPriority       0x800'2893   0x2c  Code  Lc  stm32f4xx_hal_cortex.o [4]
__NVIC_SetPriorityGrouping
                         0x800'2845   0x22  Code  Lc  stm32f4xx_hal_cortex.o [4]
__aeabi_ldiv0            0x800'2cb1         Code  Gb  I64DivZer.o [7]
__aeabi_memset           0x800'130d         Code  Gb  ABImemset.o [7]
__aeabi_uldivmod         0x800'2a81         Code  Gb  I64DivMod.o [7]
__cmain                  0x800'2e31         Code  Gb  cmain.o [7]
__exit                   0x800'2e65   0x14  Code  Gb  exit.o [8]
__iar_Memset             0x800'130d         Code  Gb  ABImemset.o [7]
__iar_Memset_word        0x800'1315         Code  Gb  ABImemset.o [7]
__iar_data_init3         0x800'2dc5   0x28  Code  Gb  data_init.o [7]
__iar_init_vfp           0x800'2ded         Code  Gb  fpinit_M.o [6]
__iar_lz77_init_single3
                         0x800'2cb3   0x78  Code  Gb  lz77_init_single.o [7]
__iar_program_start      0x800'2e79         Code  Gb  cstartup_M.o [7]
__iar_zero_init3         0x800'2d8d   0x38  Code  Gb  zero_init3.o [7]
__low_level_init         0x800'2e4f    0x4  Code  Gb  low_level_init.o [5]
__vector_table           0x800'0000         Data  Gb  startup_stm32f401xc.o [1]
_call_main               0x800'2e3d         Code  Gb  cmain.o [7]
_exit                    0x800'2e59         Code  Gb  cexit.o [7]
exit                     0x800'2e53    0x4  Code  Gb  exit.o [5]
funcStepA1Jue            0x800'13d3    0x6  Code  Gb  supperListList.o [2]
funcStepA1Pre            0x800'13c1    0x6  Code  Gb  supperListList.o [2]
funcStepA2Jue            0x800'13d9    0x6  Code  Gb  supperListList.o [2]
funcStepA2Pre            0x800'13c7    0x6  Code  Gb  supperListList.o [2]
funcStepA3Jue            0x800'13df    0x6  Code  Gb  supperListList.o [2]
funcStepA3Pre            0x800'13cd    0x6  Code  Gb  supperListList.o [2]
funcStepB1Jue            0x800'13f7    0x6  Code  Gb  supperListList.o [2]
funcStepB1Pre            0x800'13e5    0x6  Code  Gb  supperListList.o [2]
funcStepB2Jue            0x800'13fd    0x6  Code  Gb  supperListList.o [2]
funcStepB2Pre            0x800'13eb    0x6  Code  Gb  supperListList.o [2]
funcStepB3Jue            0x800'1403    0x6  Code  Gb  supperListList.o [2]
funcStepB3Pre            0x800'13f1    0x6  Code  Gb  supperListList.o [2]
hadc1                   0x2000'0340   0x48  Data  Gb  main.o [2]
hdma_adc1               0x2000'00cc   0x60  Data  Gb  main.o [2]
hdma_usart1_rx          0x2000'012c   0x60  Data  Gb  main.o [2]
hdma_usart6_rx          0x2000'018c   0x60  Data  Gb  main.o [2]
hi2c1                   0x2000'0244   0x54  Data  Gb  main.o [2]
hi2c2                   0x2000'0298   0x54  Data  Gb  main.o [2]
hi2c3                   0x2000'02ec   0x54  Data  Gb  main.o [2]
hspi2                   0x2000'01ec   0x58  Data  Gb  main.o [2]
htim9                   0x2000'0388   0x48  Data  Gb  main.o [2]
huart1                  0x2000'03d0   0x44  Data  Gb  main.o [2]
huart6                  0x2000'0414   0x44  Data  Gb  main.o [2]
main                     0x800'0d71   0x38  Code  Gb  main.o [2]
memset                   0x800'0749   0x14  Code  Gb  memset.o [7]
sppuerList              0x2000'0004   0x30  Data  Gb  supperListList.o [2]
sppuerListListA         0x2000'0034   0x48  Data  Gb  supperListList.o [2]
sppuerListListB         0x2000'007c   0x48  Data  Gb  supperListList.o [2]
supperTaskA              0x800'1409   0x1c  Code  Gb  supperListList.o [2]
supperTaskB              0x800'1425   0x1c  Code  Gb  supperListList.o [2]
tingsA_runData          0x2000'045c    0x2  Data  Gb  supperListList.o [2]
tingsB_runData          0x2000'045e    0x2  Data  Gb  supperListList.o [2]
uwTick                  0x2000'0458    0x4  Data  Gb  stm32f4xx_hal.o [4]
uwTickFreq              0x2000'00c8    0x1  Data  Gb  stm32f4xx_hal.o [4]
uwTickPrio              0x2000'0000    0x4  Data  Gb  stm32f4xx_hal.o [4]


[1] = C:\ProgramPro\supperlist\tPen\EWARM\tPen\Obj\Application\EWARM
[2] = C:\ProgramPro\supperlist\tPen\EWARM\tPen\Obj\Application\User\Core
[3] = C:\ProgramPro\supperlist\tPen\EWARM\tPen\Obj\Drivers\CMSIS
[4] = C:\ProgramPro\supperlist\tPen\EWARM\tPen\Obj\Drivers\STM32F4xx_HAL_Driver
[5] = dl7M_tln.a
[6] = m7M_tls.a
[7] = rt7M_tl.a
[8] = shb_l.a

  12'138 bytes of readonly  code memory
     247 bytes of readonly  data memory
   2'141 bytes of readwrite data memory

Errors: none
Warnings: none
